192.168.45.1 - - [10/Nov/2023:02:34:40 +0900] "POST /breed_classification/similarity/ HTTP/1.1" 415 62 "-" "PostmanRuntime/7.32.3"
192.168.45.1 - - [10/Nov/2023:02:34:41 +0900] "POST /breed_classification/similarity/ HTTP/1.1" 415 62 "-" "PostmanRuntime/7.32.3"
192.168.45.1 - - [10/Nov/2023:02:34:53 +0900] "POST /breed_classification/similarity/ HTTP/1.1" 415 62 "-" "PostmanRuntime/7.32.3"
192.168.45.1 - - [10/Nov/2023:02:34:58 +0900] "POST /similarity/ HTTP/1.1" 404 179 "-" "PostmanRuntime/7.32.3"
192.168.45.1 - - [10/Nov/2023:02:35:38 +0900] "POST /breed_classification/similarity/ HTTP/1.1" 415 62 "-" "PostmanRuntime/7.32.3"
192.168.45.1 - - [10/Nov/2023:02:35:48 +0900] "POST /breed_classification/similarity/ HTTP/1.1" 415 62 "-" "PostmanRuntime/7.32.3"
192.168.45.1 - - [10/Nov/2023:02:35:49 +0900] "POST /breed_classification/similarity/ HTTP/1.1" 415 62 "-" "PostmanRuntime/7.32.3"
192.168.45.1 - - [10/Nov/2023:02:40:28 +0900] "POST /breed_classification/similarity/ HTTP/1.1" 200 2 "-" "PostmanRuntime/7.32.3"
141.98.11.60 - - [10/Nov/2023:02:40:59 +0900] "GET / HTTP/1.1" 301 169 "-" "Mozilla/5.0 (Windows NT 10.0; Win64; x64) AppleWebKit/537.36 (KHTML, like Gecko) Chrome/90.0.4430.85 Safari/537.36 Edg/90.0.818.46"
192.168.45.1 - - [10/Nov/2023:02:47:31 +0900] "GET /?post_id=3 HTTP/1.1" 404 179 "-" "PostmanRuntime/7.32.3"
192.168.45.1 - - [10/Nov/2023:02:47:42 +0900] "GET /?post_id=3 HTTP/1.1" 404 179 "-" "PostmanRuntime/7.32.3"
192.168.45.1 - - [10/Nov/2023:02:47:43 +0900] "GET /?post_id=3 HTTP/1.1" 404 179 "-" "PostmanRuntime/7.32.3"
192.168.45.1 - - [10/Nov/2023:02:47:43 +0900] "GET /?post_id=3 HTTP/1.1" 404 179 "-" "PostmanRuntime/7.32.3"
192.168.45.1 - - [10/Nov/2023:02:47:43 +0900] "GET /?post_id=3 HTTP/1.1" 404 179 "-" "PostmanRuntime/7.32.3"
192.168.45.1 - - [10/Nov/2023:02:47:44 +0900] "GET /?post_id=3 HTTP/1.1" 404 179 "-" "PostmanRuntime/7.32.3"
192.168.45.1 - - [10/Nov/2023:02:47:45 +0900] "GET /?post_id=3 HTTP/1.1" 404 179 "-" "PostmanRuntime/7.32.3"
192.168.45.1 - - [10/Nov/2023:02:47:45 +0900] "GET /?post_id=3 HTTP/1.1" 404 179 "-" "PostmanRuntime/7.32.3"
192.168.45.1 - - [10/Nov/2023:02:47:57 +0900] "GET /?postId=3 HTTP/1.1" 404 179 "-" "PostmanRuntime/7.32.3"
192.168.45.1 - - [10/Nov/2023:02:49:24 +0900] "POST /breed_classification/similarity/ HTTP/1.1" 200 1 "-" "PostmanRuntime/7.32.3"
192.168.45.1 - - [10/Nov/2023:02:50:13 +0900] "GET /?index=3 HTTP/1.1" 404 179 "-" "PostmanRuntime/7.32.3"
192.168.45.1 - - [10/Nov/2023:02:50:15 +0900] "GET /?index=3 HTTP/1.1" 404 179 "-" "PostmanRuntime/7.32.3"
192.168.45.1 - - [10/Nov/2023:02:50:20 +0900] "GET /?index=3/ HTTP/1.1" 404 179 "-" "PostmanRuntime/7.32.3"
192.168.45.1 - - [10/Nov/2023:03:03:39 +0900] "POST /breed_classification/similarity/ HTTP/1.1" 200 1 "-" "PostmanRuntime/7.32.3"
192.168.45.1 - - [10/Nov/2023:03:08:16 +0900] "POST /breed_classification/classify/ HTTP/1.1" 502 157 "-" "PostmanRuntime/7.32.3"
192.168.45.1 - - [10/Nov/2023:03:09:24 +0900] "POST /breed_classification/classify/ HTTP/1.1" 200 1 "-" "PostmanRuntime/7.32.3"
192.168.45.1 - - [10/Nov/2023:03:10:23 +0900] "POST /breed_classification/classify/ HTTP/1.1" 200 1 "-" "PostmanRuntime/7.32.3"
192.168.45.1 - - [10/Nov/2023:03:10:58 +0900] "POST /breed_classification/similarity/ HTTP/1.1" 200 1 "-" "PostmanRuntime/7.32.3"
192.168.45.1 - - [10/Nov/2023:03:16:16 +0900] "GET /?post_id=3 HTTP/1.1" 404 179 "-" "PostmanRuntime/7.32.3"
192.168.45.1 - - [10/Nov/2023:03:16:27 +0900] "GET /?postId=3 HTTP/1.1" 404 179 "-" "PostmanRuntime/7.32.3"
192.168.45.1 - - [10/Nov/2023:03:16:32 +0900] "GET /?postid=3 HTTP/1.1" 404 179 "-" "PostmanRuntime/7.32.3"
192.168.45.1 - - [10/Nov/2023:03:16:36 +0900] "GET /?postid=3 HTTP/1.1" 404 179 "-" "PostmanRuntime/7.32.3"
192.168.45.1 - - [10/Nov/2023:03:17:15 +0900] "GET /?post_id=3 HTTP/1.1" 404 179 "-" "PostmanRuntime/7.32.3"
192.168.45.1 - - [10/Nov/2023:03:19:10 +0900] "GET /?post_id=3 HTTP/1.1" 404 179 "-" "PostmanRuntime/7.32.3"
192.168.45.1 - - [10/Nov/2023:03:19:19 +0900] "GET /?post_id=3 HTTP/1.1" 404 179 "-" "PostmanRuntime/7.32.3"
192.168.45.1 - - [10/Nov/2023:03:19:19 +0900] "GET /?post_id=3 HTTP/1.1" 404 179 "-" "PostmanRuntime/7.32.3"
192.168.45.1 - - [10/Nov/2023:03:19:22 +0900] "GET /?post_id=3 HTTP/1.1" 404 179 "-" "PostmanRuntime/7.32.3"
192.168.45.1 - - [10/Nov/2023:03:19:32 +0900] "GET /?index=3 HTTP/1.1" 404 179 "-" "PostmanRuntime/7.32.3"
192.168.45.1 - - [10/Nov/2023:03:19:33 +0900] "GET /?index=3 HTTP/1.1" 404 179 "-" "PostmanRuntime/7.32.3"
192.168.45.1 - - [10/Nov/2023:03:19:48 +0900] "GET /?index=3 HTTP/1.1" 404 179 "-" "PostmanRuntime/7.32.3"
192.168.45.1 - - [10/Nov/2023:03:25:25 +0900] "GET /?index=3 HTTP/1.1" 404 2171 "-" "PostmanRuntime/7.32.3"
192.168.45.1 - - [10/Nov/2023:03:25:34 +0900] "GET /?post_id=3 HTTP/1.1" 404 2173 "-" "PostmanRuntime/7.32.3"
192.168.45.1 - - [10/Nov/2023:03:25:43 +0900] "GET /?post_id=3 HTTP/1.1" 404 2173 "-" "PostmanRuntime/7.32.3"
192.168.45.1 - - [10/Nov/2023:03:25:45 +0900] "GET /?post_id=3 HTTP/1.1" 404 2173 "-" "PostmanRuntime/7.32.3"
192.168.45.1 - - [10/Nov/2023:03:25:46 +0900] "GET /?post_id=3 HTTP/1.1" 404 2173 "-" "PostmanRuntime/7.32.3"
192.168.45.1 - - [10/Nov/2023:03:25:51 +0900] "GET /?index=3 HTTP/1.1" 404 2171 "-" "PostmanRuntime/7.32.3"
192.168.45.1 - - [10/Nov/2023:03:25:51 +0900] "GET /?index=3 HTTP/1.1" 404 2171 "-" "PostmanRuntime/7.32.3"
192.168.45.1 - - [10/Nov/2023:03:28:04 +0900] "GET /?post_id=3 HTTP/1.1" 499 0 "-" "PostmanRuntime/7.32.3"
179.43.163.130 - - [10/Nov/2023:03:28:15 +0900] "GET / HTTP/1.1" 301 169 "-" "-"
192.168.45.1 - - [10/Nov/2023:03:28:50 +0900] "GET /?post_id=3 HTTP/1.1" 404 179 "-" "PostmanRuntime/7.32.3"
192.168.45.1 - - [10/Nov/2023:03:29:01 +0900] "GET /?post_id=3 HTTP/1.1" 404 179 "-" "PostmanRuntime/7.32.3"
192.168.45.1 - - [10/Nov/2023:03:29:09 +0900] "GET /?postId=3 HTTP/1.1" 404 179 "-" "PostmanRuntime/7.32.3"
192.168.45.1 - - [10/Nov/2023:03:29:18 +0900] "GET /?postId=3 HTTP/1.1" 404 179 "-" "PostmanRuntime/7.32.3"
192.168.45.1 - - [10/Nov/2023:03:29:19 +0900] "GET /?postId=3 HTTP/1.1" 404 179 "-" "PostmanRuntime/7.32.3"
192.168.45.1 - - [10/Nov/2023:03:30:58 +0900] "GET /?postid=3 HTTP/1.1" 404 179 "-" "PostmanRuntime/7.32.3"
192.168.45.1 - - [10/Nov/2023:03:32:47 +0900] "GET /breed_classification/?postId=%273%27%20 HTTP/1.1" 500 145 "-" "PostmanRuntime/7.32.3"
192.168.45.1 - - [10/Nov/2023:03:33:18 +0900] "GET /breed_classification/?postId=3 HTTP/1.1" 200 1 "-" "PostmanRuntime/7.32.3"
192.168.45.1 - - [10/Nov/2023:03:37:02 +0900] "POST /breed_classification/classify/ HTTP/1.1" 404 7 "https://savethepets.kro.kr/" "Mozilla/5.0 (Windows NT 10.0; Win64; x64) AppleWebKit/537.36 (KHTML, like Gecko) Chrome/119.0.0.0 Safari/537.36"
192.168.45.1 - - [10/Nov/2023:03:37:18 +0900] "POST /breed_classification/classify/ HTTP/1.1" 404 7 "https://savethepets.kro.kr/" "Mozilla/5.0 (Windows NT 10.0; Win64; x64) AppleWebKit/537.36 (KHTML, like Gecko) Chrome/119.0.0.0 Safari/537.36"
192.168.45.1 - - [10/Nov/2023:03:38:19 +0900] "POST /breed_classification/classify/ HTTP/1.1" 404 7 "https://savethepets.kro.kr/" "Mozilla/5.0 (Windows NT 10.0; Win64; x64) AppleWebKit/537.36 (KHTML, like Gecko) Chrome/119.0.0.0 Safari/537.36"
192.168.45.1 - - [10/Nov/2023:03:38:20 +0900] "GET /breed_classification/classify/ HTTP/1.1" 500 145 "-" "Mozilla/5.0 (Windows NT 10.0; Win64; x64) AppleWebKit/537.36 (KHTML, like Gecko) Chrome/119.0.0.0 Safari/537.36"
192.168.45.1 - - [10/Nov/2023:03:40:09 +0900] "GET /breed_classification/classify/ HTTP/1.1" 499 0 "-" "Mozilla/5.0 (Windows NT 10.0; Win64; x64) AppleWebKit/537.36 (KHTML, like Gecko) Chrome/119.0.0.0 Safari/537.36"
192.168.45.1 - - [10/Nov/2023:03:40:36 +0900] "POST /breed_classification/classify/ HTTP/1.1" 404 7 "https://savethepets.kro.kr/" "Mozilla/5.0 (Windows NT 10.0; Win64; x64) AppleWebKit/537.36 (KHTML, like Gecko) Chrome/119.0.0.0 Safari/537.36"
192.168.45.1 - - [10/Nov/2023:03:42:51 +0900] "POST /breed_classification/classify/ HTTP/1.1" 200 1 "https://savethepets.kro.kr/" "Mozilla/5.0 (Windows NT 10.0; Win64; x64) AppleWebKit/537.36 (KHTML, like Gecko) Chrome/119.0.0.0 Safari/537.36"
192.168.45.1 - - [10/Nov/2023:03:43:12 +0900] "POST /breed_classification/classify/ HTTP/1.1" 200 1 "https://savethepets.kro.kr/" "Mozilla/5.0 (Windows NT 10.0; Win64; x64) AppleWebKit/537.36 (KHTML, like Gecko) Chrome/119.0.0.0 Safari/537.36"
192.168.45.1 - - [10/Nov/2023:03:43:40 +0900] "GET /breed_classification/classify/ HTTP/1.1" 500 145 "-" "Mozilla/5.0 (Windows NT 10.0; Win64; x64) AppleWebKit/537.36 (KHTML, like Gecko) Chrome/119.0.0.0 Safari/537.36"
192.168.45.1 - - [10/Nov/2023:03:43:41 +0900] "POST /breed_classification/classify/ HTTP/1.1" 404 7 "https://savethepets.kro.kr/" "Mozilla/5.0 (Windows NT 10.0; Win64; x64) AppleWebKit/537.36 (KHTML, like Gecko) Chrome/119.0.0.0 Safari/537.36"
192.168.45.1 - - [10/Nov/2023:03:43:54 +0900] "POST /breed_classification/classify/ HTTP/1.1" 404 7 "https://savethepets.kro.kr/" "Mozilla/5.0 (Windows NT 10.0; Win64; x64) AppleWebKit/537.36 (KHTML, like Gecko) Chrome/119.0.0.0 Safari/537.36"
192.168.45.1 - - [10/Nov/2023:03:44:11 +0900] "POST /breed_classification/classify/ HTTP/1.1" 200 1 "https://savethepets.kro.kr/" "Mozilla/5.0 (Windows NT 10.0; Win64; x64) AppleWebKit/537.36 (KHTML, like Gecko) Chrome/119.0.0.0 Safari/537.36"
192.168.45.1 - - [10/Nov/2023:03:44:34 +0900] "POST /breed_classification/classify/ HTTP/1.1" 404 7 "https://savethepets.kro.kr/" "Mozilla/5.0 (Windows NT 10.0; Win64; x64) AppleWebKit/537.36 (KHTML, like Gecko) Chrome/119.0.0.0 Safari/537.36"
192.168.45.1 - - [10/Nov/2023:03:44:48 +0900] "POST /breed_classification/classify/ HTTP/1.1" 200 1 "https://savethepets.kro.kr/" "Mozilla/5.0 (Windows NT 10.0; Win64; x64) AppleWebKit/537.36 (KHTML, like Gecko) Chrome/119.0.0.0 Safari/537.36"
192.168.45.1 - - [10/Nov/2023:03:45:09 +0900] "POST /breed_classification/classify/ HTTP/1.1" 200 1 "https://savethepets.kro.kr/" "Mozilla/5.0 (Windows NT 10.0; Win64; x64) AppleWebKit/537.36 (KHTML, like Gecko) Chrome/119.0.0.0 Safari/537.36"
192.241.223.4 - - [10/Nov/2023:03:55:04 +0900] "GET /owa/auth/x.js HTTP/1.1" 502 157 "-" "Mozilla/5.0 zgrab/0.x"
67.217.57.54 - - [10/Nov/2023:03:56:17 +0900] "GET / HTTP/1.1" 301 169 "-" "-"
67.217.57.54 - - [10/Nov/2023:04:41:43 +0900] "GET / HTTP/1.1" 301 169 "-" "-"
109.205.213.94 - - [10/Nov/2023:05:16:13 +0900] "GET / HTTP/1.1" 301 169 "-" "NiggaBalls"
192.168.45.1 - - [10/Nov/2023:23:03:30 +0900] "POST /breed_classification/classify/ HTTP/1.1" 404 7 "-" "PostmanRuntime/7.32.3"
110.8.166.180 - - [10/Nov/2023:23:06:20 +0900] "GET /breed_classification/5 HTTP/1.1" 404 179 "-" "Mozilla/5.0 (Windows NT 10.0; Win64; x64) AppleWebKit/537.36 (KHTML, like Gecko) Chrome/119.0.0.0 Safari/537.36 Edg/119.0.0.0"
110.8.166.180 - - [10/Nov/2023:23:06:21 +0900] "GET /favicon.ico HTTP/1.1" 404 179 "https://savethepetsai.kro.kr/breed_classification/5" "Mozilla/5.0 (Windows NT 10.0; Win64; x64) AppleWebKit/537.36 (KHTML, like Gecko) Chrome/119.0.0.0 Safari/537.36 Edg/119.0.0.0"
110.8.166.180 - - [10/Nov/2023:23:06:25 +0900] "GET /breed_classification?5 HTTP/1.1" 301 5 "-" "Mozilla/5.0 (Windows NT 10.0; Win64; x64) AppleWebKit/537.36 (KHTML, like Gecko) Chrome/119.0.0.0 Safari/537.36 Edg/119.0.0.0"
110.8.166.180 - - [10/Nov/2023:23:06:25 +0900] "GET /breed_classification/?5 HTTP/1.1" 500 145 "-" "Mozilla/5.0 (Windows NT 10.0; Win64; x64) AppleWebKit/537.36 (KHTML, like Gecko) Chrome/119.0.0.0 Safari/537.36 Edg/119.0.0.0"
192.168.45.1 - - [10/Nov/2023:23:06:27 +0900] "GET /breed_classification?postId=%EC%88%AB%EC%9E%90 HTTP/1.1" 301 5 "-" "PostmanRuntime/7.32.3"
192.168.45.1 - - [10/Nov/2023:23:06:27 +0900] "GET /breed_classification/?postId=%EC%88%AB%EC%9E%90 HTTP/1.1" 500 145 "https://savethepetsai.kro.kr/breed_classification?postId=%EC%88%AB%EC%9E%90" "PostmanRuntime/7.32.3"
192.168.45.1 - - [10/Nov/2023:23:06:28 +0900] "GET /breed_classification?postId=%EC%88%AB%EC%9E%90 HTTP/1.1" 301 5 "-" "PostmanRuntime/7.32.3"
192.168.45.1 - - [10/Nov/2023:23:06:28 +0900] "GET /breed_classification/?postId=%EC%88%AB%EC%9E%90 HTTP/1.1" 500 145 "https://savethepetsai.kro.kr/breed_classification?postId=%EC%88%AB%EC%9E%90" "PostmanRuntime/7.32.3"
192.168.45.1 - - [10/Nov/2023:23:06:32 +0900] "GET /breed_classification?postId=3 HTTP/1.1" 301 5 "-" "PostmanRuntime/7.32.3"
110.8.166.180 - - [10/Nov/2023:23:06:34 +0900] "GET /breed_classification/?5 HTTP/1.1" 500 145 "-" "Mozilla/5.0 (Windows NT 10.0; Win64; x64) AppleWebKit/537.36 (KHTML, like Gecko) Chrome/119.0.0.0 Safari/537.36 Edg/119.0.0.0"
110.8.166.180 - - [10/Nov/2023:23:06:38 +0900] "GET /breed_classification/5 HTTP/1.1" 404 179 "-" "Mozilla/5.0 (Windows NT 10.0; Win64; x64) AppleWebKit/537.36 (KHTML, like Gecko) Chrome/119.0.0.0 Safari/537.36 Edg/119.0.0.0"
192.168.45.1 - - [10/Nov/2023:23:07:23 +0900] "GET /breed_classification/?postId=3 HTTP/1.1" 200 1 "https://savethepetsai.kro.kr/breed_classification?postId=3" "PostmanRuntime/7.32.3"
192.168.45.1 - - [10/Nov/2023:23:07:38 +0900] "GET /breed_classification/?postId=3 HTTP/1.1" 200 1 "-" "PostmanRuntime/7.32.3"
91.92.242.48 - - [10/Nov/2023:23:21:03 +0900] "GET / HTTP/1.1" 301 169 "-" "Hello World"
110.8.166.180 - - [10/Nov/2023:23:22:19 +0900] "POST /breed_classification/classify/ HTTP/1.1" 404 7 "https://savethepets.kro.kr/" "Mozilla/5.0 (Windows NT 10.0; Win64; x64) AppleWebKit/537.36 (KHTML, like Gecko) Chrome/119.0.0.0 Safari/537.36 Edg/119.0.0.0"
192.168.45.1 - - [10/Nov/2023:23:23:52 +0900] "POST /breed_classification/classify/ HTTP/1.1" 404 7 "-" "PostmanRuntime/7.32.3"
192.168.45.1 - - [10/Nov/2023:23:23:53 +0900] "POST /breed_classification/classify/ HTTP/1.1" 404 7 "-" "PostmanRuntime/7.32.3"
192.168.45.1 - - [10/Nov/2023:23:24:02 +0900] "POST /breed_classification/classify/ HTTP/1.1" 404 7 "-" "PostmanRuntime/7.32.3"
192.168.45.1 - - [10/Nov/2023:23:24:03 +0900] "POST /breed_classification/classify/ HTTP/1.1" 404 7 "-" "PostmanRuntime/7.32.3"
192.168.45.1 - - [10/Nov/2023:23:24:44 +0900] "POST /breed_classification/classify/ HTTP/1.1" 404 7 "-" "PostmanRuntime/7.32.3"
192.168.45.1 - - [10/Nov/2023:23:25:01 +0900] "POST /breed_classification/classify/ HTTP/1.1" 404 7 "-" "PostmanRuntime/7.32.3"
192.168.45.1 - - [10/Nov/2023:23:25:03 +0900] "POST /breed_classification/classify/ HTTP/1.1" 404 7 "-" "PostmanRuntime/7.32.3"
192.168.45.1 - - [10/Nov/2023:23:26:07 +0900] "POST /breed_classification/classify/ HTTP/1.1" 404 7 "-" "PostmanRuntime/7.32.3"
192.168.45.1 - - [10/Nov/2023:23:26:08 +0900] "POST /breed_classification/classify/ HTTP/1.1" 404 7 "-" "PostmanRuntime/7.32.3"
192.168.45.1 - - [10/Nov/2023:23:26:08 +0900] "POST /breed_classification/classify/ HTTP/1.1" 404 7 "-" "PostmanRuntime/7.32.3"
192.168.45.1 - - [10/Nov/2023:23:26:09 +0900] "POST /breed_classification/classify/ HTTP/1.1" 404 7 "-" "PostmanRuntime/7.32.3"
192.168.45.1 - - [10/Nov/2023:23:26:10 +0900] "POST /breed_classification/classify/ HTTP/1.1" 404 7 "-" "PostmanRuntime/7.32.3"
192.168.45.1 - - [10/Nov/2023:23:27:07 +0900] "POST /breed_classification/classify/ HTTP/1.1" 404 7 "-" "PostmanRuntime/7.32.3"
192.168.45.1 - - [10/Nov/2023:23:28:12 +0900] "POST /breed_classification/classify/ HTTP/1.1" 404 7 "-" "PostmanRuntime/7.32.3"
192.168.45.1 - - [10/Nov/2023:23:28:14 +0900] "POST /breed_classification/classify/ HTTP/1.1" 404 7 "-" "PostmanRuntime/7.32.3"
192.168.45.1 - - [10/Nov/2023:23:28:15 +0900] "POST /breed_classification/classify/ HTTP/1.1" 404 7 "-" "PostmanRuntime/7.32.3"
192.168.45.1 - - [10/Nov/2023:23:28:50 +0900] "POST /breed_classification/classify HTTP/1.1" 301 5 "-" "PostmanRuntime/7.32.3"
192.168.45.1 - - [10/Nov/2023:23:28:50 +0900] "GET /breed_classification/classify/ HTTP/1.1" 500 145 "https://savethepetsai.kro.kr/breed_classification/classify" "PostmanRuntime/7.32.3"
192.168.45.1 - - [10/Nov/2023:23:28:55 +0900] "POST /breed_classification/classify HTTP/1.1" 301 5 "-" "PostmanRuntime/7.32.3"
192.168.45.1 - - [10/Nov/2023:23:28:55 +0900] "GET /breed_classification/classify/ HTTP/1.1" 500 145 "https://savethepetsai.kro.kr/breed_classification/classify" "PostmanRuntime/7.32.3"
192.168.45.1 - - [10/Nov/2023:23:29:03 +0900] "POST /breed_classification/classify/ HTTP/1.1" 404 7 "-" "PostmanRuntime/7.32.3"
192.168.45.1 - - [10/Nov/2023:23:29:24 +0900] "POST /breed_classification/classify/ HTTP/1.1" 200 1 "-" "PostmanRuntime/7.32.3"
192.168.45.1 - - [10/Nov/2023:23:29:37 +0900] "POST /breed_classification/classify/ HTTP/1.1" 200 1 "-" "PostmanRuntime/7.32.3"
192.168.45.1 - - [10/Nov/2023:23:30:02 +0900] "POST /breed_classification/classify/ HTTP/1.1" 200 1 "-" "PostmanRuntime/7.32.3"
192.168.45.1 - - [10/Nov/2023:23:30:10 +0900] "POST /breed_classification/classify/ HTTP/1.1" 200 1 "-" "PostmanRuntime/7.32.3"
192.168.45.1 - - [10/Nov/2023:23:30:13 +0900] "POST /breed_classification/classify/ HTTP/1.1" 200 1 "-" "PostmanRuntime/7.32.3"
110.8.166.180 - - [10/Nov/2023:23:30:21 +0900] "POST /breed_classification/classify/ HTTP/1.1" 404 7 "https://savethepets.kro.kr/" "Mozilla/5.0 (Windows NT 10.0; Win64; x64) AppleWebKit/537.36 (KHTML, like Gecko) Chrome/119.0.0.0 Safari/537.36 Edg/119.0.0.0"
192.168.45.1 - - [10/Nov/2023:23:30:39 +0900] "POST /breed_classification/classify HTTP/1.1" 301 5 "-" "PostmanRuntime/7.32.3"
192.168.45.1 - - [10/Nov/2023:23:30:39 +0900] "GET /breed_classification/classify/ HTTP/1.1" 500 145 "https://savethepetsai.kro.kr/breed_classification/classify" "PostmanRuntime/7.32.3"
110.8.166.180 - - [10/Nov/2023:23:30:53 +0900] "POST /breed_classification/classify/ HTTP/1.1" 404 7 "https://savethepets.kro.kr/" "Mozilla/5.0 (Windows NT 10.0; Win64; x64) AppleWebKit/537.36 (KHTML, like Gecko) Chrome/119.0.0.0 Safari/537.36 Edg/119.0.0.0"
192.168.45.1 - - [10/Nov/2023:23:30:54 +0900] "POST /breed_classification/classify/ HTTP/1.1" 200 1 "-" "PostmanRuntime/7.32.3"
192.168.45.1 - - [10/Nov/2023:23:30:58 +0900] "POST /breed_classification/classify/ HTTP/1.1" 200 1 "-" "PostmanRuntime/7.32.3"
192.168.45.1 - - [10/Nov/2023:23:31:00 +0900] "POST /breed_classification/classify/ HTTP/1.1" 200 1 "-" "PostmanRuntime/7.32.3"
110.8.166.180 - - [10/Nov/2023:23:31:05 +0900] "POST /breed_classification/classify/ HTTP/1.1" 404 7 "https://savethepets.kro.kr/" "Mozilla/5.0 (Windows NT 10.0; Win64; x64) AppleWebKit/537.36 (KHTML, like Gecko) Chrome/119.0.0.0 Safari/537.36 Edg/119.0.0.0"
110.8.166.180 - - [10/Nov/2023:23:31:18 +0900] "GET /breed_classification/classify/ HTTP/1.1" 500 145 "-" "Mozilla/5.0 (Windows NT 10.0; Win64; x64) AppleWebKit/537.36 (KHTML, like Gecko) Chrome/119.0.0.0 Safari/537.36 Edg/119.0.0.0"
110.8.166.180 - - [10/Nov/2023:23:31:32 +0900] "GET /breed_classification/classify/ HTTP/1.1" 500 145 "-" "Mozilla/5.0 (Windows NT 10.0; Win64; x64) AppleWebKit/537.36 (KHTML, like Gecko) Chrome/119.0.0.0 Safari/537.36 Edg/119.0.0.0"
192.168.45.1 - - [10/Nov/2023:23:31:32 +0900] "POST /breed_classification/classify/ HTTP/1.1" 200 1 "-" "PostmanRuntime/7.32.3"
110.8.166.180 - - [10/Nov/2023:23:31:37 +0900] "GET /breed_classification/classify/ HTTP/1.1" 500 145 "-" "Mozilla/5.0 (Windows NT 10.0; Win64; x64) AppleWebKit/537.36 (KHTML, like Gecko) Chrome/119.0.0.0 Safari/537.36 Edg/119.0.0.0"
110.8.166.180 - - [10/Nov/2023:23:31:43 +0900] "GET /breed_classification/classify/ HTTP/1.1" 500 145 "-" "Mozilla/5.0 (Windows NT 10.0; Win64; x64) AppleWebKit/537.36 (KHTML, like Gecko) Chrome/119.0.0.0 Safari/537.36 Edg/119.0.0.0"
192.168.45.1 - - [10/Nov/2023:23:31:49 +0900] "POST /breed_classification/classify/ HTTP/1.1" 200 1 "-" "PostmanRuntime/7.32.3"
192.168.45.1 - - [10/Nov/2023:23:32:16 +0900] "POST /breed_classification/classify/ HTTP/1.1" 200 1 "-" "PostmanRuntime/7.32.3"
192.168.45.1 - - [10/Nov/2023:23:32:17 +0900] "POST /breed_classification/classify/ HTTP/1.1" 200 1 "-" "PostmanRuntime/7.32.3"
192.168.45.1 - - [10/Nov/2023:23:32:19 +0900] "POST /breed_classification/classify/ HTTP/1.1" 200 1 "-" "PostmanRuntime/7.32.3"
192.168.45.1 - - [10/Nov/2023:23:32:20 +0900] "POST /breed_classification/classify/ HTTP/1.1" 200 1 "-" "PostmanRuntime/7.32.3"
192.168.45.1 - - [10/Nov/2023:23:32:21 +0900] "POST /breed_classification/classify/ HTTP/1.1" 200 1 "-" "PostmanRuntime/7.32.3"
192.168.45.1 - - [10/Nov/2023:23:32:22 +0900] "POST /breed_classification/classify/ HTTP/1.1" 200 1 "-" "PostmanRuntime/7.32.3"
192.168.45.1 - - [10/Nov/2023:23:32:24 +0900] "POST /breed_classification/classify/ HTTP/1.1" 200 1 "-" "PostmanRuntime/7.32.3"
192.168.45.1 - - [10/Nov/2023:23:32:26 +0900] "POST /breed_classification/classify/ HTTP/1.1" 200 1 "-" "PostmanRuntime/7.32.3"
192.168.45.1 - - [10/Nov/2023:23:32:50 +0900] "POST /breed_classification/classify/ HTTP/1.1" 200 1 "-" "PostmanRuntime/7.32.3"
192.168.45.1 - - [10/Nov/2023:23:32:51 +0900] "POST /breed_classification/classify/ HTTP/1.1" 200 1 "-" "PostmanRuntime/7.32.3"
192.168.45.1 - - [10/Nov/2023:23:32:51 +0900] "POST /breed_classification/classify/ HTTP/1.1" 200 1 "-" "PostmanRuntime/7.32.3"
192.168.45.1 - - [10/Nov/2023:23:33:09 +0900] "POST /breed_classification/classify/ HTTP/1.1" 404 7 "-" "PostmanRuntime/7.32.3"
110.8.166.180 - - [10/Nov/2023:23:33:27 +0900] "GET /breed_classification/classify/ HTTP/1.1" 500 145 "-" "Mozilla/5.0 (Windows NT 10.0; Win64; x64) AppleWebKit/537.36 (KHTML, like Gecko) Chrome/119.0.0.0 Safari/537.36 Edg/119.0.0.0"
110.8.166.180 - - [10/Nov/2023:23:34:08 +0900] "GET /breed_classification/classify/ HTTP/1.1" 500 145 "-" "Mozilla/5.0 (Windows NT 10.0; Win64; x64) AppleWebKit/537.36 (KHTML, like Gecko) Chrome/119.0.0.0 Safari/537.36 Edg/119.0.0.0"
192.168.45.1 - - [10/Nov/2023:23:34:09 +0900] "GET / HTTP/1.1" 404 179 "-" "Mozilla/5.0 (Windows NT 10.0; Win64; x64) AppleWebKit/537.36 (KHTML, like Gecko) Chrome/119.0.0.0 Safari/537.36"
192.168.45.1 - - [10/Nov/2023:23:34:09 +0900] "GET /favicon.ico HTTP/1.1" 404 179 "https://savethepetsai.kro.kr/" "Mozilla/5.0 (Windows NT 10.0; Win64; x64) AppleWebKit/537.36 (KHTML, like Gecko) Chrome/119.0.0.0 Safari/537.36"
110.8.166.180 - - [10/Nov/2023:23:34:24 +0900] "POST /breed_classification/classify/ HTTP/1.1" 404 7 "https://savethepets.kro.kr/" "Mozilla/5.0 (Windows NT 10.0; Win64; x64) AppleWebKit/537.36 (KHTML, like Gecko) Chrome/119.0.0.0 Safari/537.36 Edg/119.0.0.0"
192.168.45.1 - - [10/Nov/2023:23:34:31 +0900] "POST /breed_classification/classify/ HTTP/1.1" 200 1 "https://savethepets.kro.kr/" "Mozilla/5.0 (Windows NT 10.0; Win64; x64) AppleWebKit/537.36 (KHTML, like Gecko) Chrome/119.0.0.0 Safari/537.36"
192.168.45.1 - - [10/Nov/2023:23:34:35 +0900] "POST /breed_classification/classify/ HTTP/1.1" 200 1 "https://savethepets.kro.kr/" "Mozilla/5.0 (Windows NT 10.0; Win64; x64) AppleWebKit/537.36 (KHTML, like Gecko) Chrome/119.0.0.0 Safari/537.36"
192.168.45.1 - - [10/Nov/2023:23:34:37 +0900] "POST /breed_classification/classify/ HTTP/1.1" 200 1 "https://savethepets.kro.kr/" "Mozilla/5.0 (Windows NT 10.0; Win64; x64) AppleWebKit/537.36 (KHTML, like Gecko) Chrome/119.0.0.0 Safari/537.36"
192.168.45.1 - - [10/Nov/2023:23:34:38 +0900] "POST /breed_classification/classify/ HTTP/1.1" 200 1 "https://savethepets.kro.kr/" "Mozilla/5.0 (Windows NT 10.0; Win64; x64) AppleWebKit/537.36 (KHTML, like Gecko) Chrome/119.0.0.0 Safari/537.36"
192.168.45.1 - - [10/Nov/2023:23:34:39 +0900] "POST /breed_classification/classify/ HTTP/1.1" 200 1 "https://savethepets.kro.kr/" "Mozilla/5.0 (Windows NT 10.0; Win64; x64) AppleWebKit/537.36 (KHTML, like Gecko) Chrome/119.0.0.0 Safari/537.36"
192.168.45.1 - - [10/Nov/2023:23:34:40 +0900] "POST /breed_classification/classify/ HTTP/1.1" 200 1 "https://savethepets.kro.kr/" "Mozilla/5.0 (Windows NT 10.0; Win64; x64) AppleWebKit/537.36 (KHTML, like Gecko) Chrome/119.0.0.0 Safari/537.36"
192.168.45.1 - - [10/Nov/2023:23:34:40 +0900] "POST /breed_classification/classify/ HTTP/1.1" 200 1 "https://savethepets.kro.kr/" "Mozilla/5.0 (Windows NT 10.0; Win64; x64) AppleWebKit/537.36 (KHTML, like Gecko) Chrome/119.0.0.0 Safari/537.36"
192.168.45.1 - - [10/Nov/2023:23:34:41 +0900] "POST /breed_classification/classify/ HTTP/1.1" 200 1 "https://savethepets.kro.kr/" "Mozilla/5.0 (Windows NT 10.0; Win64; x64) AppleWebKit/537.36 (KHTML, like Gecko) Chrome/119.0.0.0 Safari/537.36"
192.168.45.1 - - [10/Nov/2023:23:34:42 +0900] "POST /breed_classification/classify/ HTTP/1.1" 200 1 "https://savethepets.kro.kr/" "Mozilla/5.0 (Windows NT 10.0; Win64; x64) AppleWebKit/537.36 (KHTML, like Gecko) Chrome/119.0.0.0 Safari/537.36"
192.168.45.1 - - [10/Nov/2023:23:34:42 +0900] "POST /breed_classification/classify/ HTTP/1.1" 200 1 "https://savethepets.kro.kr/" "Mozilla/5.0 (Windows NT 10.0; Win64; x64) AppleWebKit/537.36 (KHTML, like Gecko) Chrome/119.0.0.0 Safari/537.36"
192.168.45.1 - - [10/Nov/2023:23:34:43 +0900] "POST /breed_classification/classify/ HTTP/1.1" 200 1 "https://savethepets.kro.kr/" "Mozilla/5.0 (Windows NT 10.0; Win64; x64) AppleWebKit/537.36 (KHTML, like Gecko) Chrome/119.0.0.0 Safari/537.36"
192.168.45.1 - - [10/Nov/2023:23:34:44 +0900] "POST /breed_classification/classify/ HTTP/1.1" 200 1 "https://savethepets.kro.kr/" "Mozilla/5.0 (Windows NT 10.0; Win64; x64) AppleWebKit/537.36 (KHTML, like Gecko) Chrome/119.0.0.0 Safari/537.36"
192.168.45.1 - - [10/Nov/2023:23:34:45 +0900] "POST /breed_classification/classify/ HTTP/1.1" 200 1 "https://savethepets.kro.kr/" "Mozilla/5.0 (Windows NT 10.0; Win64; x64) AppleWebKit/537.36 (KHTML, like Gecko) Chrome/119.0.0.0 Safari/537.36"
192.168.45.1 - - [10/Nov/2023:23:34:48 +0900] "POST /breed_classification/classify/ HTTP/1.1" 200 1 "https://savethepets.kro.kr/" "Mozilla/5.0 (Windows NT 10.0; Win64; x64) AppleWebKit/537.36 (KHTML, like Gecko) Chrome/119.0.0.0 Safari/537.36"
192.168.45.1 - - [10/Nov/2023:23:34:48 +0900] "POST /breed_classification/classify/ HTTP/1.1" 200 1 "https://savethepets.kro.kr/" "Mozilla/5.0 (Windows NT 10.0; Win64; x64) AppleWebKit/537.36 (KHTML, like Gecko) Chrome/119.0.0.0 Safari/537.36"
192.168.45.1 - - [10/Nov/2023:23:34:49 +0900] "POST /breed_classification/classify/ HTTP/1.1" 200 1 "https://savethepets.kro.kr/" "Mozilla/5.0 (Windows NT 10.0; Win64; x64) AppleWebKit/537.36 (KHTML, like Gecko) Chrome/119.0.0.0 Safari/537.36"
192.168.45.1 - - [10/Nov/2023:23:34:50 +0900] "POST /breed_classification/classify/ HTTP/1.1" 200 1 "https://savethepets.kro.kr/" "Mozilla/5.0 (Windows NT 10.0; Win64; x64) AppleWebKit/537.36 (KHTML, like Gecko) Chrome/119.0.0.0 Safari/537.36"
192.168.45.1 - - [10/Nov/2023:23:34:50 +0900] "POST /breed_classification/classify/ HTTP/1.1" 200 1 "https://savethepets.kro.kr/" "Mozilla/5.0 (Windows NT 10.0; Win64; x64) AppleWebKit/537.36 (KHTML, like Gecko) Chrome/119.0.0.0 Safari/537.36"
192.168.45.1 - - [10/Nov/2023:23:34:51 +0900] "POST /breed_classification/classify/ HTTP/1.1" 200 1 "https://savethepets.kro.kr/" "Mozilla/5.0 (Windows NT 10.0; Win64; x64) AppleWebKit/537.36 (KHTML, like Gecko) Chrome/119.0.0.0 Safari/537.36"
192.168.45.1 - - [10/Nov/2023:23:34:52 +0900] "POST /breed_classification/classify/ HTTP/1.1" 200 1 "https://savethepets.kro.kr/" "Mozilla/5.0 (Windows NT 10.0; Win64; x64) AppleWebKit/537.36 (KHTML, like Gecko) Chrome/119.0.0.0 Safari/537.36"
192.168.45.1 - - [10/Nov/2023:23:34:52 +0900] "POST /breed_classification/classify/ HTTP/1.1" 200 1 "https://savethepets.kro.kr/" "Mozilla/5.0 (Windows NT 10.0; Win64; x64) AppleWebKit/537.36 (KHTML, like Gecko) Chrome/119.0.0.0 Safari/537.36"
192.168.45.1 - - [10/Nov/2023:23:34:53 +0900] "POST /breed_classification/classify/ HTTP/1.1" 200 1 "https://savethepets.kro.kr/" "Mozilla/5.0 (Windows NT 10.0; Win64; x64) AppleWebKit/537.36 (KHTML, like Gecko) Chrome/119.0.0.0 Safari/537.36"
192.168.45.1 - - [10/Nov/2023:23:34:54 +0900] "POST /breed_classification/classify/ HTTP/1.1" 200 1 "https://savethepets.kro.kr/" "Mozilla/5.0 (Windows NT 10.0; Win64; x64) AppleWebKit/537.36 (KHTML, like Gecko) Chrome/119.0.0.0 Safari/537.36"
192.168.45.1 - - [10/Nov/2023:23:34:55 +0900] "POST /breed_classification/classify/ HTTP/1.1" 200 1 "https://savethepets.kro.kr/" "Mozilla/5.0 (Windows NT 10.0; Win64; x64) AppleWebKit/537.36 (KHTML, like Gecko) Chrome/119.0.0.0 Safari/537.36"
192.168.45.1 - - [10/Nov/2023:23:34:55 +0900] "POST /breed_classification/classify/ HTTP/1.1" 200 1 "https://savethepets.kro.kr/" "Mozilla/5.0 (Windows NT 10.0; Win64; x64) AppleWebKit/537.36 (KHTML, like Gecko) Chrome/119.0.0.0 Safari/537.36"
192.168.45.1 - - [10/Nov/2023:23:34:57 +0900] "POST /breed_classification/classify/ HTTP/1.1" 200 1 "https://savethepets.kro.kr/" "Mozilla/5.0 (Windows NT 10.0; Win64; x64) AppleWebKit/537.36 (KHTML, like Gecko) Chrome/119.0.0.0 Safari/537.36"
192.168.45.1 - - [10/Nov/2023:23:34:58 +0900] "POST /breed_classification/classify/ HTTP/1.1" 200 1 "https://savethepets.kro.kr/" "Mozilla/5.0 (Windows NT 10.0; Win64; x64) AppleWebKit/537.36 (KHTML, like Gecko) Chrome/119.0.0.0 Safari/537.36"
192.168.45.1 - - [10/Nov/2023:23:34:58 +0900] "POST /breed_classification/classify/ HTTP/1.1" 200 1 "https://savethepets.kro.kr/" "Mozilla/5.0 (Windows NT 10.0; Win64; x64) AppleWebKit/537.36 (KHTML, like Gecko) Chrome/119.0.0.0 Safari/537.36"
192.168.45.1 - - [10/Nov/2023:23:34:59 +0900] "POST /breed_classification/classify/ HTTP/1.1" 200 1 "https://savethepets.kro.kr/" "Mozilla/5.0 (Windows NT 10.0; Win64; x64) AppleWebKit/537.36 (KHTML, like Gecko) Chrome/119.0.0.0 Safari/537.36"
192.168.45.1 - - [10/Nov/2023:23:35:01 +0900] "POST /breed_classification/classify/ HTTP/1.1" 200 1 "https://savethepets.kro.kr/" "Mozilla/5.0 (Windows NT 10.0; Win64; x64) AppleWebKit/537.36 (KHTML, like Gecko) Chrome/119.0.0.0 Safari/537.36"
192.168.45.1 - - [10/Nov/2023:23:35:05 +0900] "POST /breed_classification/classify/ HTTP/1.1" 200 1 "https://savethepets.kro.kr/" "Mozilla/5.0 (Windows NT 10.0; Win64; x64) AppleWebKit/537.36 (KHTML, like Gecko) Chrome/119.0.0.0 Safari/537.36"
192.168.45.1 - - [10/Nov/2023:23:35:08 +0900] "POST /breed_classification/classify/ HTTP/1.1" 200 1 "https://savethepets.kro.kr/" "Mozilla/5.0 (Windows NT 10.0; Win64; x64) AppleWebKit/537.36 (KHTML, like Gecko) Chrome/119.0.0.0 Safari/537.36"
192.168.45.1 - - [10/Nov/2023:23:35:08 +0900] "POST /breed_classification/classify/ HTTP/1.1" 200 1 "https://savethepets.kro.kr/" "Mozilla/5.0 (Windows NT 10.0; Win64; x64) AppleWebKit/537.36 (KHTML, like Gecko) Chrome/119.0.0.0 Safari/537.36"
192.168.45.1 - - [10/Nov/2023:23:35:09 +0900] "POST /breed_classification/classify/ HTTP/1.1" 200 1 "https://savethepets.kro.kr/" "Mozilla/5.0 (Windows NT 10.0; Win64; x64) AppleWebKit/537.36 (KHTML, like Gecko) Chrome/119.0.0.0 Safari/537.36"
192.168.45.1 - - [10/Nov/2023:23:35:10 +0900] "POST /breed_classification/classify/ HTTP/1.1" 200 1 "https://savethepets.kro.kr/" "Mozilla/5.0 (Windows NT 10.0; Win64; x64) AppleWebKit/537.36 (KHTML, like Gecko) Chrome/119.0.0.0 Safari/537.36"
192.168.45.1 - - [10/Nov/2023:23:35:11 +0900] "POST /breed_classification/classify/ HTTP/1.1" 200 1 "https://savethepets.kro.kr/" "Mozilla/5.0 (Windows NT 10.0; Win64; x64) AppleWebKit/537.36 (KHTML, like Gecko) Chrome/119.0.0.0 Safari/537.36"
192.168.45.1 - - [10/Nov/2023:23:35:12 +0900] "POST /breed_classification/classify/ HTTP/1.1" 200 1 "https://savethepets.kro.kr/" "Mozilla/5.0 (Windows NT 10.0; Win64; x64) AppleWebKit/537.36 (KHTML, like Gecko) Chrome/119.0.0.0 Safari/537.36"
192.168.45.1 - - [10/Nov/2023:23:35:13 +0900] "POST /breed_classification/classify/ HTTP/1.1" 200 1 "https://savethepets.kro.kr/" "Mozilla/5.0 (Windows NT 10.0; Win64; x64) AppleWebKit/537.36 (KHTML, like Gecko) Chrome/119.0.0.0 Safari/537.36"
192.168.45.1 - - [10/Nov/2023:23:35:16 +0900] "POST /breed_classification/classify/ HTTP/1.1" 200 1 "https://savethepets.kro.kr/" "Mozilla/5.0 (Windows NT 10.0; Win64; x64) AppleWebKit/537.36 (KHTML, like Gecko) Chrome/119.0.0.0 Safari/537.36"
192.168.45.1 - - [10/Nov/2023:23:35:18 +0900] "POST /breed_classification/classify/ HTTP/1.1" 200 1 "https://savethepets.kro.kr/" "Mozilla/5.0 (Windows NT 10.0; Win64; x64) AppleWebKit/537.36 (KHTML, like Gecko) Chrome/119.0.0.0 Safari/537.36"
192.168.45.1 - - [10/Nov/2023:23:35:18 +0900] "POST /breed_classification/classify/ HTTP/1.1" 200 1 "https://savethepets.kro.kr/" "Mozilla/5.0 (Windows NT 10.0; Win64; x64) AppleWebKit/537.36 (KHTML, like Gecko) Chrome/119.0.0.0 Safari/537.36"
192.168.45.1 - - [10/Nov/2023:23:35:19 +0900] "POST /breed_classification/classify/ HTTP/1.1" 200 1 "https://savethepets.kro.kr/" "Mozilla/5.0 (Windows NT 10.0; Win64; x64) AppleWebKit/537.36 (KHTML, like Gecko) Chrome/119.0.0.0 Safari/537.36"
192.168.45.1 - - [10/Nov/2023:23:35:20 +0900] "POST /breed_classification/classify/ HTTP/1.1" 200 1 "https://savethepets.kro.kr/" "Mozilla/5.0 (Windows NT 10.0; Win64; x64) AppleWebKit/537.36 (KHTML, like Gecko) Chrome/119.0.0.0 Safari/537.36"
192.168.45.1 - - [10/Nov/2023:23:35:21 +0900] "POST /breed_classification/classify/ HTTP/1.1" 200 1 "https://savethepets.kro.kr/" "Mozilla/5.0 (Windows NT 10.0; Win64; x64) AppleWebKit/537.36 (KHTML, like Gecko) Chrome/119.0.0.0 Safari/537.36"
192.168.45.1 - - [10/Nov/2023:23:35:24 +0900] "POST /breed_classification/classify/ HTTP/1.1" 200 1 "https://savethepets.kro.kr/" "Mozilla/5.0 (Windows NT 10.0; Win64; x64) AppleWebKit/537.36 (KHTML, like Gecko) Chrome/119.0.0.0 Safari/537.36"
192.168.45.1 - - [10/Nov/2023:23:35:29 +0900] "POST /breed_classification/classify/ HTTP/1.1" 200 1 "https://savethepets.kro.kr/" "Mozilla/5.0 (Windows NT 10.0; Win64; x64) AppleWebKit/537.36 (KHTML, like Gecko) Chrome/119.0.0.0 Safari/537.36"
192.168.45.1 - - [10/Nov/2023:23:35:30 +0900] "POST /breed_classification/classify/ HTTP/1.1" 200 1 "https://savethepets.kro.kr/" "Mozilla/5.0 (Windows NT 10.0; Win64; x64) AppleWebKit/537.36 (KHTML, like Gecko) Chrome/119.0.0.0 Safari/537.36"
192.168.45.1 - - [10/Nov/2023:23:35:30 +0900] "POST /breed_classification/classify/ HTTP/1.1" 200 1 "https://savethepets.kro.kr/" "Mozilla/5.0 (Windows NT 10.0; Win64; x64) AppleWebKit/537.36 (KHTML, like Gecko) Chrome/119.0.0.0 Safari/537.36"
192.168.45.1 - - [10/Nov/2023:23:35:32 +0900] "POST /breed_classification/classify/ HTTP/1.1" 200 1 "https://savethepets.kro.kr/" "Mozilla/5.0 (Windows NT 10.0; Win64; x64) AppleWebKit/537.36 (KHTML, like Gecko) Chrome/119.0.0.0 Safari/537.36"
192.168.45.1 - - [10/Nov/2023:23:35:34 +0900] "POST /breed_classification/classify/ HTTP/1.1" 200 1 "https://savethepets.kro.kr/" "Mozilla/5.0 (Windows NT 10.0; Win64; x64) AppleWebKit/537.36 (KHTML, like Gecko) Chrome/119.0.0.0 Safari/537.36"
192.168.45.1 - - [10/Nov/2023:23:37:12 +0900] "POST /breed_classification/classify/ HTTP/1.1" 404 7 "-" "PostmanRuntime/7.32.3"
192.168.45.1 - - [10/Nov/2023:23:37:15 +0900] "POST /breed_classification/classify/ HTTP/1.1" 404 7 "-" "PostmanRuntime/7.32.3"
192.168.45.1 - - [10/Nov/2023:23:37:17 +0900] "POST /breed_classification/classify/ HTTP/1.1" 404 7 "-" "PostmanRuntime/7.32.3"
110.8.166.180 - - [10/Nov/2023:23:37:50 +0900] "GET / HTTP/1.1" 301 169 "-" "Mozilla/5.0 (Windows NT 10.0; Win64; x64) AppleWebKit/537.36 (KHTML, like Gecko) Chrome/119.0.0.0 Safari/537.36 Edg/119.0.0.0"
110.8.166.180 - - [10/Nov/2023:23:37:50 +0900] "GET / HTTP/1.1" 404 179 "-" "Mozilla/5.0 (Windows NT 10.0; Win64; x64) AppleWebKit/537.36 (KHTML, like Gecko) Chrome/119.0.0.0 Safari/537.36 Edg/119.0.0.0"
192.168.45.1 - - [10/Nov/2023:23:38:09 +0900] "GET / HTTP/1.1" 404 179 "-" "Mozilla/5.0 (Windows NT 10.0; Win64; x64) AppleWebKit/537.36 (KHTML, like Gecko) Chrome/119.0.0.0 Safari/537.36"
192.168.45.1 - - [10/Nov/2023:23:38:10 +0900] "GET / HTTP/1.1" 404 179 "-" "Mozilla/5.0 (Windows NT 10.0; Win64; x64) AppleWebKit/537.36 (KHTML, like Gecko) Chrome/119.0.0.0 Safari/537.36"
192.168.45.1 - - [10/Nov/2023:23:38:10 +0900] "GET /favicon.ico HTTP/1.1" 404 179 "https://savethepetsai.kro.kr/" "Mozilla/5.0 (Windows NT 10.0; Win64; x64) AppleWebKit/537.36 (KHTML, like Gecko) Chrome/119.0.0.0 Safari/537.36"
192.168.45.1 - - [10/Nov/2023:23:38:23 +0900] "POST /breed_classification/classify/ HTTP/1.1" 200 1 "https://savethepets.kro.kr/" "Mozilla/5.0 (Windows NT 10.0; Win64; x64) AppleWebKit/537.36 (KHTML, like Gecko) Chrome/119.0.0.0 Safari/537.36"
192.168.45.1 - - [10/Nov/2023:23:38:24 +0900] "POST /breed_classification/classify/ HTTP/1.1" 200 1 "https://savethepets.kro.kr/" "Mozilla/5.0 (Windows NT 10.0; Win64; x64) AppleWebKit/537.36 (KHTML, like Gecko) Chrome/119.0.0.0 Safari/537.36"
192.168.45.1 - - [10/Nov/2023:23:38:25 +0900] "POST /breed_classification/classify/ HTTP/1.1" 200 1 "https://savethepets.kro.kr/" "Mozilla/5.0 (Windows NT 10.0; Win64; x64) AppleWebKit/537.36 (KHTML, like Gecko) Chrome/119.0.0.0 Safari/537.36"
192.168.45.1 - - [10/Nov/2023:23:38:26 +0900] "POST /breed_classification/classify/ HTTP/1.1" 200 1 "https://savethepets.kro.kr/" "Mozilla/5.0 (Windows NT 10.0; Win64; x64) AppleWebKit/537.36 (KHTML, like Gecko) Chrome/119.0.0.0 Safari/537.36"
192.168.45.1 - - [10/Nov/2023:23:38:26 +0900] "POST /breed_classification/classify/ HTTP/1.1" 200 1 "https://savethepets.kro.kr/" "Mozilla/5.0 (Windows NT 10.0; Win64; x64) AppleWebKit/537.36 (KHTML, like Gecko) Chrome/119.0.0.0 Safari/537.36"
192.168.45.1 - - [10/Nov/2023:23:38:27 +0900] "POST /breed_classification/classify/ HTTP/1.1" 200 1 "https://savethepets.kro.kr/" "Mozilla/5.0 (Windows NT 10.0; Win64; x64) AppleWebKit/537.36 (KHTML, like Gecko) Chrome/119.0.0.0 Safari/537.36"
192.168.45.1 - - [10/Nov/2023:23:38:28 +0900] "POST /breed_classification/classify/ HTTP/1.1" 200 1 "https://savethepets.kro.kr/" "Mozilla/5.0 (Windows NT 10.0; Win64; x64) AppleWebKit/537.36 (KHTML, like Gecko) Chrome/119.0.0.0 Safari/537.36"
192.168.45.1 - - [10/Nov/2023:23:38:29 +0900] "POST /breed_classification/classify/ HTTP/1.1" 200 1 "https://savethepets.kro.kr/" "Mozilla/5.0 (Windows NT 10.0; Win64; x64) AppleWebKit/537.36 (KHTML, like Gecko) Chrome/119.0.0.0 Safari/537.36"
192.168.45.1 - - [10/Nov/2023:23:38:30 +0900] "POST /breed_classification/classify/ HTTP/1.1" 200 1 "https://savethepets.kro.kr/" "Mozilla/5.0 (Windows NT 10.0; Win64; x64) AppleWebKit/537.36 (KHTML, like Gecko) Chrome/119.0.0.0 Safari/537.36"
192.168.45.1 - - [10/Nov/2023:23:38:31 +0900] "POST /breed_classification/classify/ HTTP/1.1" 200 1 "https://savethepets.kro.kr/" "Mozilla/5.0 (Windows NT 10.0; Win64; x64) AppleWebKit/537.36 (KHTML, like Gecko) Chrome/119.0.0.0 Safari/537.36"
192.168.45.1 - - [10/Nov/2023:23:38:33 +0900] "POST /breed_classification/classify/ HTTP/1.1" 404 7 "-" "PostmanRuntime/7.32.3"
192.168.45.1 - - [10/Nov/2023:23:38:34 +0900] "POST /breed_classification/classify/ HTTP/1.1" 404 7 "-" "PostmanRuntime/7.32.3"
192.168.45.1 - - [10/Nov/2023:23:38:35 +0900] "POST /breed_classification/classify/ HTTP/1.1" 404 7 "-" "PostmanRuntime/7.32.3"
192.168.45.1 - - [10/Nov/2023:23:38:35 +0900] "POST /breed_classification/classify/ HTTP/1.1" 404 7 "-" "PostmanRuntime/7.32.3"
110.8.166.180 - - [10/Nov/2023:23:39:28 +0900] "POST /breed_classification/classify/ HTTP/1.1" 404 7 "-" "PostmanRuntime/7.35.0"
192.168.45.1 - - [10/Nov/2023:23:40:43 +0900] "POST /breed_classification/classify/ HTTP/1.1" 200 1 "-" "PostmanRuntime/7.32.3"
192.168.45.1 - - [10/Nov/2023:23:40:45 +0900] "POST /breed_classification/classify/ HTTP/1.1" 200 1 "-" "PostmanRuntime/7.32.3"
192.168.45.1 - - [10/Nov/2023:23:40:46 +0900] "POST /breed_classification/classify/ HTTP/1.1" 200 1 "-" "PostmanRuntime/7.32.3"
192.168.45.1 - - [10/Nov/2023:23:40:47 +0900] "POST /breed_classification/classify/ HTTP/1.1" 200 1 "-" "PostmanRuntime/7.32.3"
110.8.166.180 - - [10/Nov/2023:23:40:52 +0900] "POST /breed_classification/classify/ HTTP/1.1" 404 7 "-" "PostmanRuntime/7.35.0"
192.168.45.1 - - [10/Nov/2023:23:40:55 +0900] "POST /breed_classification/classify/ HTTP/1.1" 200 1 "-" "PostmanRuntime/7.32.3"
192.168.45.1 - - [10/Nov/2023:23:40:56 +0900] "POST /breed_classification/classify/ HTTP/1.1" 200 1 "-" "PostmanRuntime/7.32.3"
192.168.45.1 - - [10/Nov/2023:23:40:57 +0900] "POST /breed_classification/classify/ HTTP/1.1" 200 1 "-" "PostmanRuntime/7.32.3"
192.168.45.1 - - [10/Nov/2023:23:40:58 +0900] "POST /breed_classification/classify/ HTTP/1.1" 200 1 "-" "PostmanRuntime/7.32.3"
192.168.45.1 - - [10/Nov/2023:23:40:59 +0900] "POST /breed_classification/classify/ HTTP/1.1" 200 1 "-" "PostmanRuntime/7.32.3"
211.36.142.20 - - [10/Nov/2023:23:42:30 +0900] "GET / HTTP/1.1" 404 179 "-" "Mozilla/5.0 (Linux; Android 13; SAMSUNG SM-S918N) AppleWebKit/537.36 (KHTML, like Gecko) SamsungBrowser/23.0 Chrome/115.0.0.0 Mobile Safari/537.36"
211.36.142.20 - - [10/Nov/2023:23:42:31 +0900] "GET /favicon.ico HTTP/1.1" 404 179 "https://savethepetsai.kro.kr/" "Mozilla/5.0 (Linux; Android 13; SAMSUNG SM-S918N) AppleWebKit/537.36 (KHTML, like Gecko) SamsungBrowser/23.0 Chrome/115.0.0.0 Mobile Safari/537.36"
211.235.72.200 - - [10/Nov/2023:23:43:05 +0900] "POST /breed_classification/classify/ HTTP/1.1" 200 1 "-" "apitester.org Android/7.5(641)"
211.36.142.20 - - [10/Nov/2023:23:43:08 +0900] "GET /breed_classification/classify HTTP/1.1" 301 5 "-" "Mozilla/5.0 (Linux; Android 13; SAMSUNG SM-S918N) AppleWebKit/537.36 (KHTML, like Gecko) SamsungBrowser/23.0 Chrome/115.0.0.0 Mobile Safari/537.36"
211.36.142.20 - - [10/Nov/2023:23:43:09 +0900] "GET /breed_classification/classify/ HTTP/1.1" 500 145 "-" "Mozilla/5.0 (Linux; Android 13; SAMSUNG SM-S918N) AppleWebKit/537.36 (KHTML, like Gecko) SamsungBrowser/23.0 Chrome/115.0.0.0 Mobile Safari/537.36"
211.235.72.200 - - [10/Nov/2023:23:43:12 +0900] "POST /breed_classification/classify/ HTTP/1.1" 200 1 "-" "apitester.org Android/7.5(641)"
211.235.72.200 - - [10/Nov/2023:23:43:15 +0900] "POST /breed_classification/classify/ HTTP/1.1" 200 1 "-" "apitester.org Android/7.5(641)"
211.36.142.20 - - [10/Nov/2023:23:43:15 +0900] "GET /breed_classification/classify/ HTTP/1.1" 500 145 "-" "Mozilla/5.0 (Linux; Android 13; SAMSUNG SM-S918N) AppleWebKit/537.36 (KHTML, like Gecko) SamsungBrowser/23.0 Chrome/115.0.0.0 Mobile Safari/537.36"
211.235.72.200 - - [10/Nov/2023:23:43:23 +0900] "POST /breed_classification/classify/ HTTP/1.1" 200 1 "-" "apitester.org Android/7.5(641)"
110.8.166.180 - - [10/Nov/2023:23:43:35 +0900] "GET /breed_classification/classify/ HTTP/1.1" 500 145 "-" "Mozilla/5.0 (Windows NT 10.0; Win64; x64) AppleWebKit/537.36 (KHTML, like Gecko) Chrome/119.0.0.0 Safari/537.36 Edg/119.0.0.0"
211.235.72.200 - - [10/Nov/2023:23:43:40 +0900] "POST /breed_classification/classify/ HTTP/1.1" 200 1 "-" "apitester.org Android/7.5(641)"
211.235.72.200 - - [10/Nov/2023:23:44:32 +0900] "GET /breed_classification/classify/ HTTP/1.1" 500 145 "-" "Mozilla/5.0 (Linux; Android 10; K) AppleWebKit/537.36 (KHTML, like Gecko) Chrome/119.0.0.0 Mobile Safari/537.36"
211.235.72.200 - - [10/Nov/2023:23:44:33 +0900] "GET /favicon.ico HTTP/1.1" 404 179 "https://savethepetsai.kro.kr/breed_classification/classify/" "Mozilla/5.0 (Linux; Android 10; K) AppleWebKit/537.36 (KHTML, like Gecko) Chrome/119.0.0.0 Mobile Safari/537.36"
110.8.166.180 - - [10/Nov/2023:23:45:05 +0900] "POST /breed_classification/classify/ HTTP/1.1" 404 7 "-" "PostmanRuntime/7.35.0"
211.235.72.200 - - [10/Nov/2023:23:46:38 +0900] "POST /breed_classification/classify/ HTTP/1.1" 200 1 "-" "apitester.org Android/7.5(641)"
110.8.166.180 - - [10/Nov/2023:23:47:39 +0900] "POST /breed_classification/classify/ HTTP/1.1" 404 7 "-" "apitester.org Android/7.5(641)"
211.235.72.200 - - [10/Nov/2023:23:47:50 +0900] "POST /breed_classification/classify/ HTTP/1.1" 404 7 "-" "apitester.org Android/7.5(641)"
211.235.72.200 - - [10/Nov/2023:23:47:56 +0900] "POST /breed_classification/classify/ HTTP/1.1" 404 7 "-" "apitester.org Android/7.5(641)"
211.235.72.200 - - [10/Nov/2023:23:48:26 +0900] "POST /breed_classification/classify/ HTTP/1.1" 200 1 "-" "apitester.org Android/7.5(641)"
211.235.72.200 - - [10/Nov/2023:23:48:46 +0900] "POST /breed_classification/classify/ HTTP/1.1" 200 1 "-" "apitester.org Android/7.5(641)"
110.8.166.180 - - [10/Nov/2023:23:49:41 +0900] "POST /breed_classification/classify/ HTTP/1.1" 404 7 "-" "apitester.org Android/7.5(641)"
110.8.166.180 - - [10/Nov/2023:23:50:05 +0900] "POST /breed_classification/classify/ HTTP/1.1" 200 1 "-" "apitester.org Android/7.5(641)"
110.8.166.180 - - [10/Nov/2023:23:50:25 +0900] "GET /breed_classification/classify/ HTTP/1.1" 500 145 "-" "Mozilla/5.0 (Windows NT 10.0; Win64; x64) AppleWebKit/537.36 (KHTML, like Gecko) Chrome/119.0.0.0 Safari/537.36 Edg/119.0.0.0"
110.8.166.180 - - [10/Nov/2023:23:51:21 +0900] "POST /breed_classification/classify/ HTTP/1.1" 404 7 "https://savethepets.kro.kr/" "Mozilla/5.0 (Windows NT 10.0; Win64; x64) AppleWebKit/537.36 (KHTML, like Gecko) Chrome/119.0.0.0 Safari/537.36 Edg/119.0.0.0"
110.8.166.180 - - [10/Nov/2023:23:51:23 +0900] "GET /breed_classification/classify/ HTTP/1.1" 500 145 "-" "Mozilla/5.0 (Windows NT 10.0; Win64; x64) AppleWebKit/537.36 (KHTML, like Gecko) Chrome/119.0.0.0 Safari/537.36 Edg/119.0.0.0"
192.241.237.50 - - [10/Nov/2023:23:51:34 +0900] "GET / HTTP/1.1" 404 179 "-" "Mozilla/5.0 zgrab/0.x"
110.8.166.180 - - [10/Nov/2023:23:53:19 +0900] "POST /breed_classification/classify/ HTTP/1.1" 404 7 "-" "PostmanRuntime/7.35.0"
110.8.166.180 - - [10/Nov/2023:23:54:11 +0900] "POST /breed_classification/classify/ HTTP/1.1" 404 7 "-" "PostmanRuntime/7.35.0"
110.8.166.180 - - [10/Nov/2023:23:54:31 +0900] "POST /breed_classification/classify/ HTTP/1.1" 404 7 "-" "PostmanRuntime/7.35.0"
192.168.45.1 - - [10/Nov/2023:23:55:05 +0900] "POST /breed_classification/classify/ HTTP/1.1" 200 1 "-" "PostmanRuntime/7.32.3"
192.168.45.1 - - [10/Nov/2023:23:55:06 +0900] "POST /breed_classification/classify/ HTTP/1.1" 200 1 "-" "PostmanRuntime/7.32.3"
192.168.45.1 - - [10/Nov/2023:23:55:10 +0900] "POST /breed_classification/classify/ HTTP/1.1" 200 1 "-" "PostmanRuntime/7.32.3"
192.168.45.1 - - [10/Nov/2023:23:55:11 +0900] "POST /breed_classification/classify/ HTTP/1.1" 200 1 "-" "PostmanRuntime/7.32.3"
192.168.45.1 - - [10/Nov/2023:23:55:12 +0900] "POST /breed_classification/classify/ HTTP/1.1" 200 1 "-" "PostmanRuntime/7.32.3"
192.168.45.1 - - [10/Nov/2023:23:55:13 +0900] "POST /breed_classification/classify/ HTTP/1.1" 200 1 "-" "PostmanRuntime/7.32.3"
192.168.45.1 - - [10/Nov/2023:23:55:13 +0900] "POST /breed_classification/classify/ HTTP/1.1" 200 1 "-" "PostmanRuntime/7.32.3"
192.168.45.1 - - [10/Nov/2023:23:55:26 +0900] "POST /breed_classification/classify/ HTTP/1.1" 200 1 "-" "PostmanRuntime/7.32.3"
110.8.166.180 - - [10/Nov/2023:23:55:27 +0900] "POST /breed_classification/classify/ HTTP/1.1" 404 7 "-" "PostmanRuntime/7.35.0"
110.8.166.180 - - [10/Nov/2023:23:55:48 +0900] "GET /breed_classification/classify/ HTTP/1.1" 500 145 "-" "Mozilla/5.0 (Linux; Android 13; SAMSUNG SM-S918N) AppleWebKit/537.36 (KHTML, like Gecko) SamsungBrowser/23.0 Chrome/115.0.0.0 Mobile Safari/537.36"
192.168.45.1 - - [10/Nov/2023:23:55:55 +0900] "POST /breed_classification/classify/ HTTP/1.1" 200 1 "-" "PostmanRuntime/7.32.3"
110.8.166.180 - - [10/Nov/2023:23:56:35 +0900] "POST /breed_classification/classify/ HTTP/1.1" 404 7 "-" "PostmanRuntime/7.35.0"
110.8.166.180 - - [10/Nov/2023:23:56:52 +0900] "POST /breed_classification/classify/ HTTP/1.1" 200 1 "-" "apitester.org Android/7.5(641)"
110.8.166.180 - - [10/Nov/2023:23:58:01 +0900] "POST /breed_classification/classify/ HTTP/1.1" 404 7 "-" "PostmanRuntime/7.35.0"
110.8.166.180 - - [10/Nov/2023:23:59:05 +0900] "POST /breed_classification/classify/ HTTP/1.1" 404 7 "-" "PostmanRuntime/7.35.0"
110.8.166.180 - - [11/Nov/2023:00:01:07 +0900] "POST /breed_classification/classify/ HTTP/1.1" 404 7 "-" "PostmanRuntime/7.35.0"
110.8.166.180 - - [11/Nov/2023:00:01:10 +0900] "POST /breed_classification/classify/ HTTP/1.1" 404 7 "-" "PostmanRuntime/7.35.0"
110.8.166.180 - - [11/Nov/2023:00:04:31 +0900] "POST /breed_classification/classify/ HTTP/1.1" 404 7 "-" "PostmanRuntime/7.34.0"
110.8.166.180 - - [11/Nov/2023:00:05:11 +0900] "POST /breed_classification/classify/ HTTP/1.1" 404 7 "-" "PostmanRuntime/7.34.0"
110.8.166.180 - - [11/Nov/2023:00:05:21 +0900] "POST /breed_classification/classify/ HTTP/1.1" 301 169 "-" "PostmanRuntime/7.34.0"
110.8.166.180 - - [11/Nov/2023:00:05:21 +0900] "GET /breed_classification/classify/ HTTP/1.1" 500 145 "http://savethepetsai.kro.kr/breed_classification/classify/" "PostmanRuntime/7.34.0"
110.8.166.180 - - [11/Nov/2023:00:05:31 +0900] "POST /breed_classification/classify/ HTTP/1.1" 404 7 "-" "PostmanRuntime/7.34.0"
192.168.45.1 - - [11/Nov/2023:00:08:17 +0900] "POST /breed_classification/classify/ HTTP/1.1" 200 1 "-" "PostmanRuntime/7.32.3"
192.168.45.1 - - [11/Nov/2023:00:08:23 +0900] "POST /breed_classification/classify/ HTTP/1.1" 200 1 "-" "PostmanRuntime/7.32.3"
192.168.45.1 - - [11/Nov/2023:00:08:34 +0900] "POST /breed_classification/classify/ HTTP/1.1" 200 1 "-" "PostmanRuntime/7.32.3"
192.168.45.1 - - [11/Nov/2023:00:08:43 +0900] "POST /breed_classification/classify/ HTTP/1.1" 200 1 "-" "PostmanRuntime/7.32.3"
192.168.45.1 - - [11/Nov/2023:00:08:48 +0900] "POST /breed_classification/classify/ HTTP/1.1" 200 1 "-" "PostmanRuntime/7.32.3"
192.168.45.1 - - [11/Nov/2023:00:08:49 +0900] "POST /breed_classification/classify/ HTTP/1.1" 200 1 "-" "PostmanRuntime/7.32.3"
192.168.45.1 - - [11/Nov/2023:00:08:50 +0900] "POST /breed_classification/classify/ HTTP/1.1" 200 1 "-" "PostmanRuntime/7.32.3"
192.168.45.1 - - [11/Nov/2023:00:08:51 +0900] "POST /breed_classification/classify/ HTTP/1.1" 200 1 "-" "PostmanRuntime/7.32.3"
192.168.45.1 - - [11/Nov/2023:00:08:53 +0900] "POST /breed_classification/classify/ HTTP/1.1" 200 1 "-" "PostmanRuntime/7.32.3"
110.8.166.180 - - [11/Nov/2023:00:09:23 +0900] "POST /breed_classification/classify/ HTTP/1.1" 500 7 "-" "PostmanRuntime/7.35.0"
192.168.45.1 - - [11/Nov/2023:00:11:00 +0900] "POST /breed_classification/classify/ HTTP/1.1" 200 1 "-" "PostmanRuntime/7.32.3"
192.168.45.1 - - [11/Nov/2023:00:11:05 +0900] "POST /breed_classification/classify/ HTTP/1.1" 200 1 "-" "PostmanRuntime/7.32.3"
